Oct 18 00:40:40 LAPTOP-5MFKVMMH kernel: [    0.000000] Linux version 5.15.68.1-microsoft-standard-WSL2 (oe-user@oe-host) (x86_64-msft-linux-gcc (GCC) 9.3.0, GNU ld (GNU Binutils) 2.34.0.20200220) #1 SMP Mon Sep 19 19:14:52 UTC 2022
Oct 18 00:40:40 LAPTOP-5MFKVMMH kernel: [    0.000000] Command line: initrd=\initrd.img WSL_ROOT_INIT=1 panic=-1 nr_cpus=16 swiotlb=force console=hvc0 debug pty.legacy_count=0
Oct 18 00:40:40 LAPTOP-5MFKVMMH kernel: [    0.000000] KERNEL supported cpus:
Oct 18 00:40:40 LAPTOP-5MFKVMMH kernel: [    0.000000]   Intel GenuineIntel
Oct 18 00:40:40 LAPTOP-5MFKVMMH kernel: [    0.000000]   AMD AuthenticAMD
Oct 18 00:40:40 LAPTOP-5MFKVMMH kernel: [    0.000000]   Centaur CentaurHauls
Oct 18 00:40:40 LAPTOP-5MFKVMMH kernel: [    0.000000] x86/fpu: Supporting XSAVE feature 0x001: 'x87 floating point registers'
Oct 18 00:40:40 LAPTOP-5MFKVMMH kernel: [    0.000000] x86/fpu: Supporting XSAVE feature 0x002: 'SSE registers'
Oct 18 00:40:40 LAPTOP-5MFKVMMH kernel: [    0.000000] x86/fpu: Supporting XSAVE feature 0x004: 'AVX registers'
Oct 18 00:40:40 LAPTOP-5MFKVMMH kernel: [    0.000000] x86/fpu: Supporting XSAVE feature 0x020: 'AVX-512 opmask'
Oct 18 00:40:40 LAPTOP-5MFKVMMH kernel: [    0.000000] x86/fpu: Supporting XSAVE feature 0x040: 'AVX-512 Hi256'
Oct 18 00:40:40 LAPTOP-5MFKVMMH kernel: [    0.000000] x86/fpu: Supporting XSAVE feature 0x080: 'AVX-512 ZMM_Hi256'
Oct 18 00:40:40 LAPTOP-5MFKVMMH kernel: [    0.000000] x86/fpu: xstate_offset[2]:  576, xstate_sizes[2]:  256
Oct 18 00:40:40 LAPTOP-5MFKVMMH kernel: [    0.000000] x86/fpu: xstate_offset[5]:  832, xstate_sizes[5]:   64
Oct 18 00:40:40 LAPTOP-5MFKVMMH kernel: [    0.000000] x86/fpu: xstate_offset[6]:  896, xstate_sizes[6]:  512
Oct 18 00:40:40 LAPTOP-5MFKVMMH kernel: [    0.000000] x86/fpu: xstate_offset[7]: 1408, xstate_sizes[7]: 1024
Oct 18 00:40:40 LAPTOP-5MFKVMMH kernel: [    0.000000] x86/fpu: Enabled xstate features 0xe7, context size is 2432 bytes, using 'compacted' format.
Oct 18 00:40:40 LAPTOP-5MFKVMMH kernel: [    0.000000] signal: max sigframe size: 3632
Oct 18 00:40:40 LAPTOP-5MFKVMMH kernel: [    0.000000] BIOS-provided physical RAM map:
Oct 18 00:40:40 LAPTOP-5MFKVMMH kernel: [    0.000000] BIOS-e820: [mem 0x0000000000000000-0x000000000009ffff] usable
Oct 18 00:40:40 LAPTOP-5MFKVMMH kernel: [    0.000000] BIOS-e820: [mem 0x00000000000e0000-0x00000000000e0fff] reserved
Oct 18 00:40:40 LAPTOP-5MFKVMMH kernel: [    0.000000] BIOS-e820: [mem 0x0000000000100000-0x00000000001fffff] ACPI data
Oct 18 00:40:40 LAPTOP-5MFKVMMH kernel: [    0.000000] BIOS-e820: [mem 0x0000000000200000-0x00000000f7ffffff] usable
Oct 18 00:40:40 LAPTOP-5MFKVMMH kernel: [    0.000000] BIOS-e820: [mem 0x0000000100000000-0x00000003fe3fffff] usable
Oct 18 00:40:40 LAPTOP-5MFKVMMH kernel: [    0.000000] NX (Execute Disable) protection: active
Oct 18 00:40:40 LAPTOP-5MFKVMMH kernel: [    0.000000] DMI not present or invalid.
Oct 18 00:40:40 LAPTOP-5MFKVMMH kernel: [    0.000000] Hypervisor detected: Microsoft Hyper-V
Oct 18 00:40:40 LAPTOP-5MFKVMMH kernel: [    0.000000] Hyper-V: privilege flags low 0xae7f, high 0x3b8030, hints 0xa4e24, misc 0xe4bed7b6
Oct 18 00:40:40 LAPTOP-5MFKVMMH kernel: [    0.000000] Hyper-V Host Build:22000-10.0-0-0.978
Oct 18 00:40:40 LAPTOP-5MFKVMMH kernel: [    0.000000] Hyper-V: Nested features: 0x3e0101
Oct 18 00:40:40 LAPTOP-5MFKVMMH kernel: [    0.000000] Hyper-V: LAPIC Timer Frequency: 0x1e8480
Oct 18 00:40:40 LAPTOP-5MFKVMMH kernel: [    0.000000] Hyper-V: Using hypercall for remote TLB flush
Oct 18 00:40:40 LAPTOP-5MFKVMMH kernel: [    0.000000] clocksource: hyperv_clocksource_tsc_page: mask: 0xffffffffffffffff max_cycles: 0x24e6a1710, max_idle_ns: 440795202120 ns
Oct 18 00:40:40 LAPTOP-5MFKVMMH kernel: [    0.000003] tsc: Detected 2496.001 MHz processor
Oct 18 00:40:40 LAPTOP-5MFKVMMH kernel: [    0.000016] e820: update [mem 0x00000000-0x00000fff] usable ==> reserved
Oct 18 00:40:40 LAPTOP-5MFKVMMH kernel: [    0.000018] e820: remove [mem 0x000a0000-0x000fffff] usable
Oct 18 00:40:40 LAPTOP-5MFKVMMH kernel: [    0.000020] last_pfn = 0x3fe400 max_arch_pfn = 0x400000000
Oct 18 00:40:40 LAPTOP-5MFKVMMH kernel: [    0.000042] x86/PAT: Configuration [0-7]: WB  WC  UC- UC  WB  WP  UC- WT
Oct 18 00:40:40 LAPTOP-5MFKVMMH kernel: [    0.000050] last_pfn = 0xf8000 max_arch_pfn = 0x400000000
Oct 18 00:40:40 LAPTOP-5MFKVMMH kernel: [    0.000060] Using GB pages for direct mapping
Oct 18 00:40:40 LAPTOP-5MFKVMMH kernel: [    0.000342] RAMDISK: [mem 0x03a35000-0x03c0cfff]
Oct 18 00:40:40 LAPTOP-5MFKVMMH kernel: [    0.000345] ACPI: Early table checksum verification disabled
Oct 18 00:40:40 LAPTOP-5MFKVMMH kernel: [    0.000359] ACPI: RSDP 0x00000000000E0000 000024 (v02 VRTUAL)
Oct 18 00:40:40 LAPTOP-5MFKVMMH kernel: [    0.000363] ACPI: XSDT 0x0000000000100000 000044 (v01 VRTUAL MICROSFT 00000001 MSFT 00000001)
Oct 18 00:40:40 LAPTOP-5MFKVMMH kernel: [    0.000367] ACPI: FACP 0x0000000000101000 000114 (v06 VRTUAL MICROSFT 00000001 MSFT 00000001)
Oct 18 00:40:40 LAPTOP-5MFKVMMH kernel: [    0.000372] ACPI: DSDT 0x00000000001011B8 01E184 (v02 MSFTVM DSDT01   00000001 MSFT 05000000)
Oct 18 00:40:40 LAPTOP-5MFKVMMH kernel: [    0.000375] ACPI: FACS 0x0000000000101114 000040
Oct 18 00:40:40 LAPTOP-5MFKVMMH kernel: [    0.000377] ACPI: OEM0 0x0000000000101154 000064 (v01 VRTUAL MICROSFT 00000001 MSFT 00000001)
Oct 18 00:40:40 LAPTOP-5MFKVMMH kernel: [    0.000380] ACPI: SRAT 0x000000000011F33C 0003B0 (v02 VRTUAL MICROSFT 00000001 MSFT 00000001)
Oct 18 00:40:40 LAPTOP-5MFKVMMH kernel: [    0.000383] ACPI: APIC 0x000000000011F6EC 0000C8 (v04 VRTUAL MICROSFT 00000001 MSFT 00000001)
Oct 18 00:40:40 LAPTOP-5MFKVMMH kernel: [    0.000385] ACPI: Reserving FACP table memory at [mem 0x101000-0x101113]
Oct 18 00:40:40 LAPTOP-5MFKVMMH kernel: [    0.000386] ACPI: Reserving DSDT table memory at [mem 0x1011b8-0x11f33b]
Oct 18 00:40:40 LAPTOP-5MFKVMMH kernel: [    0.000387] ACPI: Reserving FACS table memory at [mem 0x101114-0x101153]
Oct 18 00:40:40 LAPTOP-5MFKVMMH kernel: [    0.000388] ACPI: Reserving OEM0 table memory at [mem 0x101154-0x1011b7]
Oct 18 00:40:40 LAPTOP-5MFKVMMH kernel: [    0.000388] ACPI: Reserving SRAT table memory at [mem 0x11f33c-0x11f6eb]
Oct 18 00:40:40 LAPTOP-5MFKVMMH kernel: [    0.000389] ACPI: Reserving APIC table memory at [mem 0x11f6ec-0x11f7b3]
Oct 18 00:40:40 LAPTOP-5MFKVMMH kernel: [    0.000560] Zone ranges:
Oct 18 00:40:40 LAPTOP-5MFKVMMH kernel: [    0.000562]   DMA      [mem 0x0000000000001000-0x0000000000ffffff]
Oct 18 00:40:40 LAPTOP-5MFKVMMH kernel: [    0.000564]   DMA32    [mem 0x0000000001000000-0x00000000ffffffff]
Oct 18 00:40:40 LAPTOP-5MFKVMMH kernel: [    0.000565]   Normal   [mem 0x0000000100000000-0x00000003fe3fffff]
Oct 18 00:40:40 LAPTOP-5MFKVMMH kernel: [    0.000566]   Device   empty
Oct 18 00:40:40 LAPTOP-5MFKVMMH kernel: [    0.000567] Movable zone start for each node
Oct 18 00:40:40 LAPTOP-5MFKVMMH kernel: [    0.000568] Early memory node ranges
Oct 18 00:40:40 LAPTOP-5MFKVMMH kernel: [    0.000568]   node   0: [mem 0x0000000000001000-0x000000000009ffff]
Oct 18 00:40:40 LAPTOP-5MFKVMMH kernel: [    0.000570]   node   0: [mem 0x0000000000200000-0x00000000f7ffffff]
Oct 18 00:40:40 LAPTOP-5MFKVMMH kernel: [    0.000571]   node   0: [mem 0x0000000100000000-0x00000003fe3fffff]
Oct 18 00:40:40 LAPTOP-5MFKVMMH kernel: [    0.000572] Initmem setup node 0 [mem 0x0000000000001000-0x00000003fe3fffff]
Oct 18 00:40:40 LAPTOP-5MFKVMMH kernel: [    0.000748] On node 0, zone DMA: 1 pages in unavailable ranges
Oct 18 00:40:40 LAPTOP-5MFKVMMH kernel: [    0.000772] On node 0, zone DMA: 352 pages in unavailable ranges
Oct 18 00:40:40 LAPTOP-5MFKVMMH kernel: [    0.014265] On node 0, zone Normal: 7168 pages in unavailable ranges
Oct 18 00:40:40 LAPTOP-5MFKVMMH kernel: [    0.014310] ACPI: LAPIC_NMI (acpi_id[0x01] dfl dfl lint[0x1])
Oct 18 00:40:40 LAPTOP-5MFKVMMH kernel: [    0.014559] IOAPIC[0]: apic_id 16, version 17, address 0xfec00000, GSI 0-23
Oct 18 00:40:40 LAPTOP-5MFKVMMH kernel: [    0.014566] ACPI: INT_SRC_OVR (bus 0 bus_irq 9 global_irq 9 high level)
Oct 18 00:40:40 LAPTOP-5MFKVMMH kernel: [    0.014570] ACPI: Using ACPI (MADT) for SMP configuration information
Oct 18 00:40:40 LAPTOP-5MFKVMMH kernel: [    0.014572] TSC deadline timer available
Oct 18 00:40:40 LAPTOP-5MFKVMMH kernel: [    0.014573] smpboot: Allowing 16 CPUs, 0 hotplug CPUs
Oct 18 00:40:40 LAPTOP-5MFKVMMH kernel: [    0.014582] [mem 0xf8000000-0xffffffff] available for PCI devices
Oct 18 00:40:40 LAPTOP-5MFKVMMH kernel: [    0.014584] Booting paravirtualized kernel on Hyper-V
Oct 18 00:40:40 LAPTOP-5MFKVMMH kernel: [    0.014586] clocksource: refined-jiffies: mask: 0xffffffff max_cycles: 0xffffffff, max_idle_ns: 19112604462750000 ns
Oct 18 00:40:40 LAPTOP-5MFKVMMH kernel: [    0.019331] setup_percpu: NR_CPUS:256 nr_cpumask_bits:256 nr_cpu_ids:16 nr_node_ids:1
Oct 18 00:40:40 LAPTOP-5MFKVMMH kernel: [    0.019960] percpu: Embedded 53 pages/cpu s177496 r8192 d31400 u262144
Oct 18 00:40:40 LAPTOP-5MFKVMMH kernel: [    0.019967] pcpu-alloc: s177496 r8192 d31400 u262144 alloc=1*2097152
Oct 18 00:40:40 LAPTOP-5MFKVMMH kernel: [    0.019970] pcpu-alloc: [0] 00 01 02 03 04 05 06 07 [0] 08 09 10 11 12 13 14 15
Oct 18 00:40:40 LAPTOP-5MFKVMMH kernel: [    0.019986] Hyper-V: PV spinlocks enabled
Oct 18 00:40:40 LAPTOP-5MFKVMMH kernel: [    0.019987] PV qspinlock hash table entries: 256 (order: 0, 4096 bytes, linear)
Oct 18 00:40:40 LAPTOP-5MFKVMMH kernel: [    0.019992] Built 1 zonelists, mobility grouping on.  Total pages: 4088437
Oct 18 00:40:40 LAPTOP-5MFKVMMH kernel: [    0.019993] Kernel command line: initrd=\initrd.img WSL_ROOT_INIT=1 panic=-1 nr_cpus=16 swiotlb=force console=hvc0 debug pty.legacy_count=0
Oct 18 00:40:40 LAPTOP-5MFKVMMH kernel: [    0.020064] Unknown kernel command line parameters "WSL_ROOT_INIT=1", will be passed to user space.
Oct 18 00:40:40 LAPTOP-5MFKVMMH kernel: [    0.022024] Dentry cache hash table entries: 2097152 (order: 12, 16777216 bytes, linear)
Oct 18 00:40:40 LAPTOP-5MFKVMMH kernel: [    0.022983] Inode-cache hash table entries: 1048576 (order: 11, 8388608 bytes, linear)
Oct 18 00:40:40 LAPTOP-5MFKVMMH kernel: [    0.023165] mem auto-init: stack:off, heap alloc:off, heap free:off
Oct 18 00:40:40 LAPTOP-5MFKVMMH kernel: [    0.055841] Memory: 4081512K/16616060K available (18452K kernel code, 2626K rwdata, 9756K rodata, 2024K init, 1888K bss, 400016K reserved, 0K cma-reserved)
Oct 18 00:40:40 LAPTOP-5MFKVMMH kernel: [    0.055896] SLUB: HWalign=64, Order=0-3, MinObjects=0, CPUs=16, Nodes=1
Oct 18 00:40:40 LAPTOP-5MFKVMMH kernel: [    0.055908] ftrace: allocating 54560 entries in 214 pages
Oct 18 00:40:40 LAPTOP-5MFKVMMH kernel: [    0.079197] ftrace: allocated 214 pages with 5 groups
Oct 18 00:40:40 LAPTOP-5MFKVMMH kernel: [    0.079475] rcu: Hierarchical RCU implementation.
Oct 18 00:40:40 LAPTOP-5MFKVMMH kernel: [    0.079477] rcu:     RCU restricting CPUs from NR_CPUS=256 to nr_cpu_ids=16.
Oct 18 00:40:40 LAPTOP-5MFKVMMH kernel: [    0.079479]  Rude variant of Tasks RCU enabled.
Oct 18 00:40:40 FOURTHHOST kernel: [    0.079479]  Tracing variant of Tasks RCU enabled.
Oct 18 00:40:40 FOURTHHOST kernel: [    0.079480] rcu: RCU calculated value of scheduler-enlistment delay is 10 jiffies.
Oct 18 00:40:40 FOURTHHOST kernel: [    0.079481] rcu: Adjusting geometry for rcu_fanout_leaf=16, nr_cpu_ids=16
Oct 18 00:40:40 FOURTHHOST kernel: [    0.083051] Using NULL legacy PIC
Oct 18 00:40:40 FOURTHHOST kernel: [    0.083053] NR_IRQS: 16640, nr_irqs: 552, preallocated irqs: 0
Oct 18 00:40:40 FOURTHHOST kernel: [    0.083319] random: crng init done
Oct 18 00:40:40 FOURTHHOST kernel: [    0.083343] Console: colour dummy device 80x25
Oct 18 00:40:40 FOURTHHOST kernel: [    0.083354] ACPI: Core revision 20210730
Oct 18 00:40:40 FOURTHHOST kernel: [    0.083422] Failed to register legacy timer interrupt
Oct 18 00:40:40 FOURTHHOST kernel: [    0.083422] APIC: Switch to symmetric I/O mode setup
Oct 18 00:40:40 FOURTHHOST kernel: [    0.084544] x2apic enabled
Oct 18 00:40:40 FOURTHHOST kernel: [    0.085670] Switched APIC routing to physical x2apic.
Oct 18 00:40:40 FOURTHHOST kernel: [    0.085686] Hyper-V: Using IPI hypercalls
Oct 18 00:40:40 FOURTHHOST kernel: [    0.085734] clocksource: tsc-early: mask: 0xffffffffffffffff max_cycles: 0x23fa781fa7b, max_idle_ns: 440795226023 ns
Oct 18 00:40:40 FOURTHHOST kernel: [    0.085742] Calibrating delay loop (skipped), value calculated using timer frequency.. 4992.00 BogoMIPS (lpj=24960010)
Oct 18 00:40:40 FOURTHHOST kernel: [    0.085744] pid_max: default: 32768 minimum: 301
Oct 18 00:40:40 FOURTHHOST kernel: [    0.085755] LSM: Security Framework initializing
Oct 18 00:40:40 FOURTHHOST kernel: [    0.085760] landlock: Up and running.
Oct 18 00:40:40 FOURTHHOST kernel: [    0.085791] Mount-cache hash table entries: 32768 (order: 6, 262144 bytes, linear)
Oct 18 00:40:40 FOURTHHOST kernel: [    0.085812] Mountpoint-cache hash table entries: 32768 (order: 6, 262144 bytes, linear)
Oct 18 00:40:40 FOURTHHOST kernel: [    0.086030] x86/cpu: User Mode Instruction Prevention (UMIP) activated
Oct 18 00:40:40 FOURTHHOST kernel: [    0.086043] Last level iTLB entries: 4KB 0, 2MB 0, 4MB 0
Oct 18 00:40:40 FOURTHHOST kernel: [    0.086044] Last level dTLB entries: 4KB 0, 2MB 0, 4MB 0, 1GB 0
Oct 18 00:40:40 FOURTHHOST kernel: [    0.086048] Spectre V1 : Mitigation: usercopy/swapgs barriers and __user pointer sanitization
Oct 18 00:40:40 FOURTHHOST kernel: [    0.086050] Spectre V2 : Mitigation: Enhanced IBRS
Oct 18 00:40:40 FOURTHHOST kernel: [    0.086051] Spectre V2 : Spectre v2 / SpectreRSB mitigation: Filling RSB on context switch
Oct 18 00:40:40 FOURTHHOST kernel: [    0.086051] Spectre V2 : Spectre v2 / PBRSB-eIBRS: Retire a single CALL on VMEXIT
Oct 18 00:40:40 FOURTHHOST kernel: [    0.086052] RETBleed: Mitigation: Enhanced IBRS
Oct 18 00:40:40 FOURTHHOST kernel: [    0.086053] Spectre V2 : mitigation: Enabling conditional Indirect Branch Prediction Barrier
Oct 18 00:40:40 FOURTHHOST kernel: [    0.086054] Speculative Store Bypass: Mitigation: Speculative Store Bypass disabled via prctl and seccomp
Oct 18 00:40:40 FOURTHHOST kernel: [    0.095738] Freeing SMP alternatives memory: 56K
Oct 18 00:40:40 FOURTHHOST kernel: [    0.095738] smpboot: CPU0: 11th Gen Intel(R) Core(TM) i9-11900H @ 2.50GHz (family: 0x6, model: 0x8d, stepping: 0x1)
Oct 18 00:40:40 FOURTHHOST kernel: [    0.095738] Performance Events:  AnyThread deprecated, Icelake events, 32-deep LBR, full-width counters, Intel PMU driver.
Oct 18 00:40:40 FOURTHHOST kernel: [    0.095738] ... version:                5
Oct 18 00:40:40 FOURTHHOST kernel: [    0.095738] ... bit width:              48
Oct 18 00:40:40 FOURTHHOST kernel: [    0.095738] ... generic registers:      8
Oct 18 00:40:40 FOURTHHOST kernel: [    0.095738] ... value mask:             0000ffffffffffff
Oct 18 00:40:40 FOURTHHOST kernel: [    0.095738] ... max period:             00007fffffffffff
Oct 18 00:40:40 FOURTHHOST kernel: [    0.095738] ... fixed-purpose events:   4
Oct 18 00:40:40 FOURTHHOST kernel: [    0.095738] ... event mask:             0001000f000000ff
Oct 18 00:40:40 FOURTHHOST kernel: [    0.095738] rcu: Hierarchical SRCU implementation.
Oct 18 00:40:40 FOURTHHOST kernel: [    0.095738] smp: Bringing up secondary CPUs ...
Oct 18 00:40:40 FOURTHHOST kernel: [    0.095738] x86: Booting SMP configuration:
Oct 18 00:40:40 FOURTHHOST kernel: [    0.095738] .... node  #0, CPUs:        #1  #2  #3  #4  #5  #6  #7  #8  #9 #10 #11 #12 #13 #14 #15
Oct 18 00:40:40 FOURTHHOST kernel: [    0.095738] smp: Brought up 1 node, 16 CPUs
Oct 18 00:40:40 FOURTHHOST kernel: [    0.095738] smpboot: Max logical packages: 1
Oct 18 00:40:40 FOURTHHOST kernel: [    0.095738] smpboot: Total of 16 processors activated (79872.03 BogoMIPS)
Oct 18 00:40:40 FOURTHHOST kernel: [    0.120373] node 0 deferred pages initialised in 30ms
Oct 18 00:40:40 FOURTHHOST kernel: [    0.120373] devtmpfs: initialized
Oct 18 00:40:40 FOURTHHOST kernel: [    0.120373] x86/mm: Memory block size: 128MB
Oct 18 00:40:40 FOURTHHOST kernel: [    0.120417] clocksource: jiffies: mask: 0xffffffff max_cycles: 0xffffffff, max_idle_ns: 19112604462750000 ns
Oct 18 00:40:40 FOURTHHOST kernel: [    0.120417] futex hash table entries: 4096 (order: 6, 262144 bytes, linear)
Oct 18 00:40:40 FOURTHHOST kernel: [    0.126241] NET: Registered PF_NETLINK/PF_ROUTE protocol family
Oct 18 00:40:40 FOURTHHOST kernel: [    0.126485] thermal_sys: Registered thermal governor 'step_wise'
Oct 18 00:40:40 FOURTHHOST kernel: [    0.126532] cpuidle: using governor menu
Oct 18 00:40:40 FOURTHHOST kernel: [    0.126532] ACPI: bus type PCI registered
Oct 18 00:40:40 FOURTHHOST kernel: [    0.126532] PCI: Fatal: No config space access function found
Oct 18 00:40:40 FOURTHHOST kernel: [    0.127190] Kprobes globally optimized
Oct 18 00:40:40 FOURTHHOST kernel: [    0.127212] HugeTLB registered 1.00 GiB page size, pre-allocated 0 pages
Oct 18 00:40:40 FOURTHHOST kernel: [    0.127212] HugeTLB registered 2.00 MiB page size, pre-allocated 0 pages
Oct 18 00:40:40 FOURTHHOST kernel: [    0.127212] raid6: skip pq benchmark and using algorithm avx512x4
Oct 18 00:40:40 FOURTHHOST kernel: [    0.127212] raid6: using avx512x2 recovery algorithm
Oct 18 00:40:40 FOURTHHOST kernel: [    0.127212] ACPI: Added _OSI(Module Device)
Oct 18 00:40:40 FOURTHHOST kernel: [    0.127212] ACPI: Added _OSI(Processor Device)
Oct 18 00:40:40 FOURTHHOST kernel: [    0.127212] ACPI: Added _OSI(3.0 _SCP Extensions)
Oct 18 00:40:40 FOURTHHOST kernel: [    0.127212] ACPI: Added _OSI(Processor Aggregator Device)
Oct 18 00:40:40 FOURTHHOST kernel: [    0.127212] ACPI: Added _OSI(Linux-Dell-Video)
Oct 18 00:40:40 FOURTHHOST kernel: [    0.127212] ACPI: Added _OSI(Linux-Lenovo-NV-HDMI-Audio)
Oct 18 00:40:40 FOURTHHOST kernel: [    0.127212] ACPI: Added _OSI(Linux-HPI-Hybrid-Graphics)
Oct 18 00:40:40 FOURTHHOST kernel: [    0.127219] ACPI: 1 ACPI AML tables successfully acquired and loaded
Oct 18 00:40:40 FOURTHHOST kernel: [    0.135857] ACPI: Interpreter enabled
Oct 18 00:40:40 FOURTHHOST kernel: [    0.135861] ACPI: PM: (supports S0 S5)
Oct 18 00:40:40 FOURTHHOST kernel: [    0.135862] ACPI: Using IOAPIC for interrupt routing
Oct 18 00:40:40 FOURTHHOST kernel: [    0.135871] PCI: Using host bridge windows from ACPI; if necessary, use "pci=nocrs" and report a bug
Oct 18 00:40:40 FOURTHHOST kernel: [    0.135998] ACPI: Enabled 2 GPEs in block 00 to 0F
Oct 18 00:40:40 FOURTHHOST kernel: [    0.136898] iommu: Default domain type: Translated
Oct 18 00:40:40 FOURTHHOST kernel: [    0.136900] iommu: DMA domain TLB invalidation policy: lazy mode
Oct 18 00:40:40 FOURTHHOST kernel: [    0.136957] SCSI subsystem initialized
Oct 18 00:40:40 FOURTHHOST kernel: [    0.136964] ACPI: bus type USB registered
Oct 18 00:40:40 FOURTHHOST kernel: [    0.136971] usbcore: registered new interface driver usbfs
Oct 18 00:40:40 FOURTHHOST kernel: [    0.136974] usbcore: registered new interface driver hub
Oct 18 00:40:40 FOURTHHOST kernel: [    0.136978] usbcore: registered new device driver usb
Oct 18 00:40:40 FOURTHHOST kernel: [    0.136984] pps_core: LinuxPPS API ver. 1 registered
Oct 18 00:40:40 FOURTHHOST kernel: [    0.136984] pps_core: Software ver. 5.3.6 - Copyright 2005-2007 Rodolfo Giometti <giometti@linux.it>
Oct 18 00:40:40 FOURTHHOST kernel: [    0.136985] PTP clock support registered
Oct 18 00:40:40 FOURTHHOST kernel: [    0.137005] hv_vmbus: Vmbus version:5.2
Oct 18 00:40:40 FOURTHHOST kernel: [    0.137005] PCI: Using ACPI for IRQ routing
Oct 18 00:40:40 FOURTHHOST kernel: [    0.137005] PCI: System does not support PCI
Oct 18 00:40:40 FOURTHHOST kernel: [    0.137005] clocksource: Switched to clocksource tsc-early
Oct 18 00:40:40 FOURTHHOST kernel: [    0.137005] hv_vmbus: Unknown GUID: c376c1c3-d276-48d2-90a9-c04748072c60
Oct 18 00:40:40 FOURTHHOST kernel: [    0.137005] hv_vmbus: Unknown GUID: 6e382d18-3336-4f4b-acc4-2b7703d4df4a
Oct 18 00:40:40 FOURTHHOST kernel: [    0.137005] hv_vmbus: Unknown GUID: dde9cbc0-5060-4436-9448-ea1254a5d177
Oct 18 00:40:40 FOURTHHOST kernel: [    0.137005] hv_vmbus: Unknown GUID: 6e382d18-3336-4f4b-acc4-2b7703d4df4a
Oct 18 00:40:40 FOURTHHOST kernel: [    0.145198] VFS: Disk quotas dquot_6.6.0
Oct 18 00:40:40 FOURTHHOST kernel: [    0.145209] VFS: Dquot-cache hash table entries: 512 (order 0, 4096 bytes)
Oct 18 00:40:40 FOURTHHOST kernel: [    0.145223] FS-Cache: Loaded
Oct 18 00:40:40 FOURTHHOST kernel: [    0.145245] pnp: PnP ACPI init
Oct 18 00:40:40 FOURTHHOST kernel: [    0.145397] pnp: PnP ACPI: found 1 devices
Oct 18 00:40:40 FOURTHHOST kernel: [    0.148227] NET: Registered PF_INET protocol family
Oct 18 00:40:40 FOURTHHOST kernel: [    0.148525] IP idents hash table entries: 262144 (order: 9, 2097152 bytes, linear)
Oct 18 00:40:40 FOURTHHOST kernel: [    0.149329] tcp_listen_portaddr_hash hash table entries: 8192 (order: 5, 131072 bytes, linear)
Oct 18 00:40:40 FOURTHHOST kernel: [    0.149342] Table-perturb hash table entries: 65536 (order: 6, 262144 bytes, linear)
Oct 18 00:40:40 FOURTHHOST kernel: [    0.149344] TCP established hash table entries: 131072 (order: 8, 1048576 bytes, linear)
Oct 18 00:40:40 FOURTHHOST kernel: [    0.149589] TCP bind hash table entries: 65536 (order: 8, 1048576 bytes, linear)
Oct 18 00:40:40 LAPTOP-5MFKVMMH kernel: [    0.149677] TCP: Hash tables configured (established 131072 bind 65536)
Oct 18 00:40:40 LAPTOP-5MFKVMMH kernel: [    0.149701] UDP hash table entries: 8192 (order: 6, 262144 bytes, linear)
Oct 18 00:40:40 LAPTOP-5MFKVMMH kernel: [    0.149882] UDP-Lite hash table entries: 8192 (order: 6, 262144 bytes, linear)
Oct 18 00:40:40 LAPTOP-5MFKVMMH kernel: [    0.149926] NET: Registered PF_UNIX/PF_LOCAL protocol family
Oct 18 00:40:40 LAPTOP-5MFKVMMH kernel: [    0.150238] RPC: Registered named UNIX socket transport module.
Oct 18 00:40:40 LAPTOP-5MFKVMMH kernel: [    0.150240] RPC: Registered udp transport module.
Oct 18 00:40:40 LAPTOP-5MFKVMMH kernel: [    0.150240] RPC: Registered tcp transport module.
Oct 18 00:40:40 LAPTOP-5MFKVMMH kernel: [    0.150241] RPC: Registered tcp NFSv4.1 backchannel transport module.
Oct 18 00:40:40 LAPTOP-5MFKVMMH kernel: [    0.150243] PCI: CLS 0 bytes, default 64
Oct 18 00:40:40 LAPTOP-5MFKVMMH kernel: [    0.150260] PCI-DMA: Using software bounce buffering for IO (SWIOTLB)
Oct 18 00:40:40 LAPTOP-5MFKVMMH kernel: [    0.150261] software IO TLB: mapped [mem 0x00000000f4000000-0x00000000f8000000] (64MB)
Oct 18 00:40:40 LAPTOP-5MFKVMMH kernel: [    0.150292] Trying to unpack rootfs image as initramfs...
Oct 18 00:40:40 LAPTOP-5MFKVMMH kernel: [    0.150310] KVM: vmx: using Hyper-V Enlightened VMCS
Oct 18 00:40:40 LAPTOP-5MFKVMMH kernel: [    0.151046] Freeing initrd memory: 1888K
Oct 18 00:40:40 LAPTOP-5MFKVMMH kernel: [    0.314560] kvm: already loaded the other module
Oct 18 00:40:40 LAPTOP-5MFKVMMH kernel: [    0.317194] Initialise system trusted keyrings
Oct 18 00:40:40 LAPTOP-5MFKVMMH kernel: [    0.317267] workingset: timestamp_bits=46 max_order=22 bucket_order=0
Oct 18 00:40:40 LAPTOP-5MFKVMMH kernel: [    0.317811] squashfs: version 4.0 (2009/01/31) Phillip Lougher
Oct 18 00:40:40 LAPTOP-5MFKVMMH kernel: [    0.317997] NFS: Registering the id_resolver key type
Oct 18 00:40:40 LAPTOP-5MFKVMMH kernel: [    0.318002] Key type id_resolver registered
Oct 18 00:40:40 LAPTOP-5MFKVMMH kernel: [    0.318002] Key type id_legacy registered
Oct 18 00:40:40 LAPTOP-5MFKVMMH kernel: [    0.318004] nfs4filelayout_init: NFSv4 File Layout Driver Registering...
Oct 18 00:40:40 LAPTOP-5MFKVMMH kernel: [    0.318006] nfs4flexfilelayout_init: NFSv4 Flexfile Layout Driver Registering...
Oct 18 00:40:40 LAPTOP-5MFKVMMH kernel: [    0.318006] Installing knfsd (copyright (C) 1996 okir@monad.swb.de).
Oct 18 00:40:40 LAPTOP-5MFKVMMH kernel: [    0.318514] Key type cifs.idmap registered
Oct 18 00:40:40 LAPTOP-5MFKVMMH kernel: [    0.318561] fuse: init (API version 7.34)
Oct 18 00:40:40 LAPTOP-5MFKVMMH kernel: [    0.318659] SGI XFS with ACLs, security attributes, realtime, scrub, repair, quota, no debug enabled
Oct 18 00:40:40 LAPTOP-5MFKVMMH kernel: [    0.318886] 9p: Installing v9fs 9p2000 file system support
Oct 18 00:40:40 LAPTOP-5MFKVMMH kernel: [    0.318893] FS-Cache: Netfs '9p' registered for caching
Oct 18 00:40:40 LAPTOP-5MFKVMMH kernel: [    0.318919] FS-Cache: Netfs 'ceph' registered for caching
Oct 18 00:40:40 LAPTOP-5MFKVMMH kernel: [    0.318921] ceph: loaded (mds proto 32)
Oct 18 00:40:40 LAPTOP-5MFKVMMH kernel: [    0.324790] NET: Registered PF_ALG protocol family
Oct 18 00:40:40 LAPTOP-5MFKVMMH kernel: [    0.324796] xor: automatically using best checksumming function   avx
Oct 18 00:40:40 LAPTOP-5MFKVMMH kernel: [    0.324800] Key type asymmetric registered
Oct 18 00:40:40 LAPTOP-5MFKVMMH kernel: [    0.324802] Asymmetric key parser 'x509' registered
Oct 18 00:40:40 LAPTOP-5MFKVMMH kernel: [    0.324836] Block layer SCSI generic (bsg) driver version 0.4 loaded (major 248)
Oct 18 00:40:40 LAPTOP-5MFKVMMH kernel: [    0.325707] hv_vmbus: registering driver hv_pci
Oct 18 00:40:40 LAPTOP-5MFKVMMH kernel: [    0.326001] hv_pci ba4b7ee9-382c-4256-9d28-9151e99cd7de: PCI VMBus probing: Using version 0x10004
Oct 18 00:40:40 LAPTOP-5MFKVMMH kernel: [    0.326843] hv_pci ba4b7ee9-382c-4256-9d28-9151e99cd7de: PCI host bridge to bus 382c:00
Oct 18 00:40:40 LAPTOP-5MFKVMMH kernel: [    0.326847] pci_bus 382c:00: root bus resource [mem 0x9ffe00000-0x9ffe02fff window]
Oct 18 00:40:40 LAPTOP-5MFKVMMH kernel: [    0.326849] pci_bus 382c:00: No busn resource found for root bus, will use [bus 00-ff]
Oct 18 00:40:40 LAPTOP-5MFKVMMH kernel: [    0.327291] pci 382c:00:00.0: [1af4:1043] type 00 class 0x010000
Oct 18 00:40:40 LAPTOP-5MFKVMMH kernel: [    0.329519] pci 382c:00:00.0: reg 0x10: [mem 0x9ffe00000-0x9ffe00fff 64bit]
Oct 18 00:40:40 LAPTOP-5MFKVMMH kernel: [    0.329962] pci 382c:00:00.0: reg 0x18: [mem 0x9ffe01000-0x9ffe01fff 64bit]
Oct 18 00:40:40 LAPTOP-5MFKVMMH kernel: [    0.330413] pci 382c:00:00.0: reg 0x20: [mem 0x9ffe02000-0x9ffe02fff 64bit]
Oct 18 00:40:40 LAPTOP-5MFKVMMH kernel: [    0.332027] pci_bus 382c:00: busn_res: [bus 00-ff] end is updated to 00
Oct 18 00:40:40 LAPTOP-5MFKVMMH kernel: [    0.332032] pci 382c:00:00.0: BAR 0: assigned [mem 0x9ffe00000-0x9ffe00fff 64bit]
Oct 18 00:40:40 LAPTOP-5MFKVMMH kernel: [    0.332334] pci 382c:00:00.0: BAR 2: assigned [mem 0x9ffe01000-0x9ffe01fff 64bit]
Oct 18 00:40:40 LAPTOP-5MFKVMMH kernel: [    0.332609] pci 382c:00:00.0: BAR 4: assigned [mem 0x9ffe02000-0x9ffe02fff 64bit]
Oct 18 00:40:40 LAPTOP-5MFKVMMH kernel: [    0.333194] hv_pci f2a3d189-99a0-4a72-a725-9d316970cbe4: PCI VMBus probing: Using version 0x10004
Oct 18 00:40:40 LAPTOP-5MFKVMMH kernel: [    0.333578] hv_pci f2a3d189-99a0-4a72-a725-9d316970cbe4: PCI host bridge to bus 99a0:00
Oct 18 00:40:40 LAPTOP-5MFKVMMH kernel: [    0.333580] pci_bus 99a0:00: No busn resource found for root bus, will use [bus 00-ff]
Oct 18 00:40:40 LAPTOP-5MFKVMMH kernel: [    0.333769] pci 99a0:00:00.0: [1414:008e] type 00 class 0x030200
Oct 18 00:40:40 LAPTOP-5MFKVMMH kernel: [    0.336031] pci_bus 99a0:00: busn_res: [bus 00-ff] end is updated to 00
Oct 18 00:40:40 LAPTOP-5MFKVMMH kernel: [    0.336278] hv_pci 0ef24c05-258f-4d68-8bcb-832bf83f1990: PCI VMBus probing: Using version 0x10004
Oct 18 00:40:40 LAPTOP-5MFKVMMH kernel: [    0.336619] hv_pci 0ef24c05-258f-4d68-8bcb-832bf83f1990: PCI host bridge to bus 258f:00
Oct 18 00:40:40 LAPTOP-5MFKVMMH kernel: [    0.336620] pci_bus 258f:00: No busn resource found for root bus, will use [bus 00-ff]
Oct 18 00:40:40 LAPTOP-5MFKVMMH kernel: [    0.336811] pci 258f:00:00.0: [1414:008e] type 00 class 0x030200
Oct 18 00:40:40 LAPTOP-5MFKVMMH kernel: [    0.339149] pci_bus 258f:00: busn_res: [bus 00-ff] end is updated to 00
Oct 18 00:40:40 LAPTOP-5MFKVMMH kernel: [    0.340633] hv_pci 3345b685-0da9-4922-a1e1-59013061f58d: PCI VMBus probing: Using version 0x10004
Oct 18 00:40:40 LAPTOP-5MFKVMMH kernel: [    0.341295] hv_pci 3345b685-0da9-4922-a1e1-59013061f58d: PCI host bridge to bus 0da9:00
Oct 18 00:40:40 LAPTOP-5MFKVMMH kernel: [    0.341296] pci_bus 0da9:00: root bus resource [mem 0x9ffe04000-0x9ffe06fff window]
Oct 18 00:40:40 LAPTOP-5MFKVMMH kernel: [    0.341297] pci_bus 0da9:00: No busn resource found for root bus, will use [bus 00-ff]
Oct 18 00:40:40 LAPTOP-5MFKVMMH kernel: [    0.341831] pci 0da9:00:00.0: [1af4:1049] type 00 class 0x010000
Oct 18 00:40:40 LAPTOP-5MFKVMMH kernel: [    0.342377] pci 0da9:00:00.0: reg 0x10: [mem 0x9ffe04000-0x9ffe04fff 64bit]
Oct 18 00:40:40 LAPTOP-5MFKVMMH kernel: [    0.342716] pci 0da9:00:00.0: reg 0x18: [mem 0x9ffe05000-0x9ffe05fff 64bit]
Oct 18 00:40:40 LAPTOP-5MFKVMMH kernel: [    0.343063] pci 0da9:00:00.0: reg 0x20: [mem 0x9ffe06000-0x9ffe06fff 64bit]
Oct 18 00:40:40 LAPTOP-5MFKVMMH kernel: [    0.345012] pci_bus 0da9:00: busn_res: [bus 00-ff] end is updated to 00
Oct 18 00:40:40 LAPTOP-5MFKVMMH kernel: [    0.345017] pci 0da9:00:00.0: BAR 0: assigned [mem 0x9ffe04000-0x9ffe04fff 64bit]
Oct 18 00:40:40 LAPTOP-5MFKVMMH kernel: [    0.345271] pci 0da9:00:00.0: BAR 2: assigned [mem 0x9ffe05000-0x9ffe05fff 64bit]
Oct 18 00:40:40 LAPTOP-5MFKVMMH kernel: [    0.345520] pci 0da9:00:00.0: BAR 4: assigned [mem 0x9ffe06000-0x9ffe06fff 64bit]
Oct 18 00:40:40 LAPTOP-5MFKVMMH kernel: [    0.345957] ACPI: AC: AC Adapter [AC1] (on-line)
Oct 18 00:40:40 LAPTOP-5MFKVMMH kernel: [    0.346741] ACPI: battery: Slot [BAT1] (battery present)
Oct 18 00:40:40 LAPTOP-5MFKVMMH kernel: [    0.350773] Serial: 8250/16550 driver, 4 ports, IRQ sharing disabled
Oct 18 00:40:40 LAPTOP-5MFKVMMH kernel: [    0.371017] Non-volatile memory driver v1.3
Oct 18 00:40:40 LAPTOP-5MFKVMMH kernel: [    0.371306] [drm] Initialized vgem 1.0.0 20120112 for vgem on minor 0
Oct 18 00:40:40 LAPTOP-5MFKVMMH kernel: [    0.373110] printk: console [hvc0] enabled
Oct 18 00:40:40 LAPTOP-5MFKVMMH kernel: [    0.374902] brd: module loaded
Oct 18 00:40:40 LAPTOP-5MFKVMMH kernel: [    0.376062] loop: module loaded
Oct 18 00:40:40 LAPTOP-5MFKVMMH kernel: [    0.376320] hv_vmbus: registering driver hv_storvsc
Oct 18 00:40:40 LAPTOP-5MFKVMMH kernel: [    0.376784] wireguard: WireGuard 1.0.0 loaded. See www.wireguard.com for information.
Oct 18 00:40:40 LAPTOP-5MFKVMMH kernel: [    0.377018] wireguard: Copyright (C) 2015-2019 Jason A. Donenfeld <Jason@zx2c4.com>. All Rights Reserved.
Oct 18 00:40:40 LAPTOP-5MFKVMMH kernel: [    0.377293] tun: Universal TUN/TAP device driver, 1.6
Oct 18 00:40:40 LAPTOP-5MFKVMMH kernel: [    0.377491] PPP generic driver version 2.4.2
Oct 18 00:40:40 LAPTOP-5MFKVMMH kernel: [    0.377686] scsi host0: storvsc_host_t
Oct 18 00:40:40 LAPTOP-5MFKVMMH kernel: [    0.377736] PPP BSD Compression module registered
Oct 18 00:40:40 LAPTOP-5MFKVMMH kernel: [    0.377968] PPP Deflate Compression module registered
Oct 18 00:40:40 LAPTOP-5MFKVMMH kernel: [    0.378162] PPP MPPE Compression module registered
Oct 18 00:40:40 LAPTOP-5MFKVMMH kernel: [    0.378398] NET: Registered PF_PPPOX protocol family
Oct 18 00:40:40 LAPTOP-5MFKVMMH kernel: [    0.378550] usbcore: registered new interface driver cdc_ether
Oct 18 00:40:40 LAPTOP-5MFKVMMH kernel: [    0.378723] usbcore: registered new interface driver cdc_ncm
Oct 18 00:40:40 LAPTOP-5MFKVMMH kernel: [    0.378895] usbcore: registered new interface driver r8153_ecm
Oct 18 00:40:40 LAPTOP-5MFKVMMH kernel: [    0.379063] hv_vmbus: registering driver hv_netvsc
Oct 18 00:40:40 LAPTOP-5MFKVMMH kernel: [    0.379290] VFIO - User Level meta-driver version: 0.3
Oct 18 00:40:40 LAPTOP-5MFKVMMH kernel: [    0.379594] usbcore: registered new interface driver cdc_acm
Oct 18 00:40:40 LAPTOP-5MFKVMMH kernel: [    0.379795] cdc_acm: USB Abstract Control Model driver for USB modems and ISDN adapters
Oct 18 00:40:40 LAPTOP-5MFKVMMH kernel: [    0.380013] usbcore: registered new interface driver ch341
Oct 18 00:40:40 LAPTOP-5MFKVMMH kernel: [    0.380159] usbserial: USB Serial support registered for ch341-uart
Oct 18 00:40:40 LAPTOP-5MFKVMMH kernel: [    0.380338] usbcore: registered new interface driver cp210x
Oct 18 00:40:40 LAPTOP-5MFKVMMH kernel: [    0.380483] usbserial: USB Serial support registered for cp210x
Oct 18 00:40:40 LAPTOP-5MFKVMMH kernel: [    0.380689] usbcore: registered new interface driver ftdi_sio
Oct 18 00:40:40 LAPTOP-5MFKVMMH kernel: [    0.380862] usbserial: USB Serial support registered for FTDI USB Serial Device
Oct 18 00:40:40 LAPTOP-5MFKVMMH kernel: [    0.381199] vhci_hcd vhci_hcd.0: USB/IP Virtual Host Controller
Oct 18 00:40:40 LAPTOP-5MFKVMMH kernel: [    0.381420] vhci_hcd vhci_hcd.0: new USB bus registered, assigned bus number 1
Oct 18 00:40:40 LAPTOP-5MFKVMMH kernel: [    0.381630] vhci_hcd: created sysfs vhci_hcd.0
Oct 18 00:40:40 LAPTOP-5MFKVMMH kernel: [    0.381914] usb usb1: New USB device found, idVendor=1d6b, idProduct=0002, bcdDevice= 5.15
Oct 18 00:40:40 LAPTOP-5MFKVMMH kernel: [    0.382181] usb usb1: New USB device strings: Mfr=3, Product=2, SerialNumber=1
Oct 18 00:40:40 LAPTOP-5MFKVMMH kernel: [    0.382426] usb usb1: Product: USB/IP Virtual Host Controller
Oct 18 00:40:40 LAPTOP-5MFKVMMH kernel: [    0.382604] usb usb1: Manufacturer: Linux 5.15.68.1-microsoft-standard-WSL2 vhci_hcd
Oct 18 00:40:40 LAPTOP-5MFKVMMH kernel: [    0.382816] usb usb1: SerialNumber: vhci_hcd.0
Oct 18 00:40:40 LAPTOP-5MFKVMMH kernel: [    0.383079] hub 1-0:1.0: USB hub found
Oct 18 00:40:40 LAPTOP-5MFKVMMH kernel: [    0.383210] hub 1-0:1.0: 8 ports detected
Oct 18 00:40:40 LAPTOP-5MFKVMMH kernel: [    0.383523] vhci_hcd vhci_hcd.0: USB/IP Virtual Host Controller
Oct 18 00:40:40 LAPTOP-5MFKVMMH kernel: [    0.383715] vhci_hcd vhci_hcd.0: new USB bus registered, assigned bus number 2
Oct 18 00:40:40 LAPTOP-5MFKVMMH kernel: [    0.384037] usb usb2: We don't know the algorithms for LPM for this host, disabling LPM.
Oct 18 00:40:40 LAPTOP-5MFKVMMH kernel: [    0.384349] usb usb2: New USB device found, idVendor=1d6b, idProduct=0003, bcdDevice= 5.15
Oct 18 00:40:40 LAPTOP-5MFKVMMH kernel: [    0.384559] usb usb2: New USB device strings: Mfr=3, Product=2, SerialNumber=1
Oct 18 00:40:40 LAPTOP-5MFKVMMH kernel: [    0.384767] usb usb2: Product: USB/IP Virtual Host Controller
Oct 18 00:40:40 LAPTOP-5MFKVMMH kernel: [    0.384940] usb usb2: Manufacturer: Linux 5.15.68.1-microsoft-standard-WSL2 vhci_hcd
Oct 18 00:40:40 LAPTOP-5MFKVMMH kernel: [    0.385149] usb usb2: SerialNumber: vhci_hcd.0
Oct 18 00:40:40 LAPTOP-5MFKVMMH kernel: [    0.385364] hub 2-0:1.0: USB hub found
Oct 18 00:40:40 LAPTOP-5MFKVMMH kernel: [    0.385506] hub 2-0:1.0: 8 ports detected
Oct 18 00:40:40 LAPTOP-5MFKVMMH kernel: [    0.385843] hv_vmbus: registering driver hyperv_keyboard
Oct 18 00:40:40 LAPTOP-5MFKVMMH kernel: [    0.386110] rtc_cmos 00:00: RTC can wake from S4
Oct 18 00:40:40 LAPTOP-5MFKVMMH kernel: [    0.387254] rtc_cmos 00:00: registered as rtc0
Oct 18 00:40:40 LAPTOP-5MFKVMMH kernel: [    0.387708] rtc_cmos 00:00: setting system clock to 2022-10-17T23:34:48 UTC (1666049688)
Oct 18 00:40:40 LAPTOP-5MFKVMMH kernel: [    0.387990] rtc_cmos 00:00: alarms up to one month, 114 bytes nvram
Oct 18 00:40:40 LAPTOP-5MFKVMMH kernel: [    0.388311] device-mapper: ioctl: 4.45.0-ioctl (2021-03-22) initialised: dm-devel@redhat.com
Oct 18 00:40:40 LAPTOP-5MFKVMMH kernel: [    0.388646] device-mapper: raid: Loading target version 1.15.1
Oct 18 00:40:40 LAPTOP-5MFKVMMH kernel: [    0.388856] usbcore: registered new interface driver usbhid
Oct 18 00:40:40 LAPTOP-5MFKVMMH kernel: [    0.388997] usbhid: USB HID core driver
Oct 18 00:40:40 LAPTOP-5MFKVMMH kernel: [    0.389198] hv_utils: Registering HyperV Utility Driver
Oct 18 00:40:40 LAPTOP-5MFKVMMH kernel: [    0.389351] hv_vmbus: registering driver hv_utils
Oct 18 00:40:40 LAPTOP-5MFKVMMH kernel: [    0.389510] hv_vmbus: registering driver hv_balloon
Oct 18 00:40:40 LAPTOP-5MFKVMMH kernel: [    0.389713] hv_vmbus: registering driver dxgkrnl
Oct 18 00:40:40 LAPTOP-5MFKVMMH kernel: [    0.390479] hv_utils: TimeSync IC version 4.0
Oct 18 00:40:40 LAPTOP-5MFKVMMH kernel: [    0.390794] hv_balloon: Using Dynamic Memory protocol version 2.0
Oct 18 00:40:40 LAPTOP-5MFKVMMH kernel: [    0.391723] Free page reporting enabled
Oct 18 00:40:40 LAPTOP-5MFKVMMH kernel: [    0.391937] hv_balloon: Cold memory discard hint enabled
Oct 18 00:40:40 LAPTOP-5MFKVMMH kernel: [    0.392850] drop_monitor: Initializing network drop monitor service
Oct 18 00:40:40 LAPTOP-5MFKVMMH kernel: [    0.393087] Mirror/redirect action on
Oct 18 00:40:40 LAPTOP-5MFKVMMH kernel: [    0.393298] u32 classifier
Oct 18 00:40:40 LAPTOP-5MFKVMMH kernel: [    0.393371]     Performance counters on
Oct 18 00:40:40 LAPTOP-5MFKVMMH kernel: [    0.393474]     input device check on
Oct 18 00:40:40 LAPTOP-5MFKVMMH kernel: [    0.393578]     Actions configured
Oct 18 00:40:40 LAPTOP-5MFKVMMH kernel: [    0.394473] IPVS: Registered protocols (TCP, UDP)
Oct 18 00:40:40 LAPTOP-5MFKVMMH kernel: [    0.394840] IPVS: Connection hash table configured (size=4096, memory=32Kbytes)
Oct 18 00:40:40 LAPTOP-5MFKVMMH kernel: [    0.395071] IPVS: ipvs loaded.
Oct 18 00:40:40 LAPTOP-5MFKVMMH kernel: [    0.395177] IPVS: [rr] scheduler registered.
Oct 18 00:40:40 LAPTOP-5MFKVMMH kernel: [    0.395313] IPVS: [wrr] scheduler registered.
Oct 18 00:40:40 LAPTOP-5MFKVMMH kernel: [    0.395448] IPVS: [sh] scheduler registered.
Oct 18 00:40:40 LAPTOP-5MFKVMMH kernel: [    0.395608] ipip: IPv4 and MPLS over IPv4 tunneling driver
Oct 18 00:40:40 LAPTOP-5MFKVMMH kernel: [    0.395830] ipt_CLUSTERIP: ClusterIP Version 0.8 loaded successfully
Oct 18 00:40:40 LAPTOP-5MFKVMMH kernel: [    0.396010] Initializing XFRM netlink socket
Oct 18 00:40:40 LAPTOP-5MFKVMMH kernel: [    0.396222] NET: Registered PF_INET6 protocol family
Oct 18 00:40:40 LAPTOP-5MFKVMMH kernel: [    0.396669] Segment Routing with IPv6
Oct 18 00:40:40 LAPTOP-5MFKVMMH kernel: [    0.396806] In-situ OAM (IOAM) with IPv6
Oct 18 00:40:40 LAPTOP-5MFKVMMH kernel: [    0.396935] sit: IPv6, IPv4 and MPLS over IPv4 tunneling driver
Oct 18 00:40:40 LAPTOP-5MFKVMMH kernel: [    0.397178] NET: Registered PF_PACKET protocol family
Oct 18 00:40:40 LAPTOP-5MFKVMMH kernel: [    0.397331] Bridge firewalling registered
Oct 18 00:40:40 LAPTOP-5MFKVMMH kernel: [    0.397440] 8021q: 802.1Q VLAN Support v1.8
Oct 18 00:40:40 LAPTOP-5MFKVMMH kernel: [    0.397556] sctp: Hash tables configured (bind 256/256)
Oct 18 00:40:40 LAPTOP-5MFKVMMH kernel: [    0.397726] 9pnet: Installing 9P2000 support
Oct 18 00:40:40 LAPTOP-5MFKVMMH kernel: [    0.410699] Key type dns_resolver registered
Oct 18 00:40:40 LAPTOP-5MFKVMMH kernel: [    0.410984] Key type ceph registered
Oct 18 00:40:40 LAPTOP-5MFKVMMH kernel: [    0.411211] libceph: loaded (mon/osd proto 15/24)
Oct 18 00:40:40 LAPTOP-5MFKVMMH kernel: [    0.411463] NET: Registered PF_VSOCK protocol family
Oct 18 00:40:40 LAPTOP-5MFKVMMH kernel: [    0.411601] hv_vmbus: registering driver hv_sock
Oct 18 00:40:40 LAPTOP-5MFKVMMH kernel: [    0.411776] IPI shorthand broadcast: enabled
Oct 18 00:40:40 LAPTOP-5MFKVMMH kernel: [    0.411920] sched_clock: Marking stable (409019994, 2432100)->(435483600, -24031506)
Oct 18 00:40:40 LAPTOP-5MFKVMMH kernel: [    0.412636] registered taskstats version 1
Oct 18 00:40:40 LAPTOP-5MFKVMMH kernel: [    0.413360] Loading compiled-in X.509 certificates
Oct 18 00:40:40 LAPTOP-5MFKVMMH kernel: [    0.414527] Btrfs loaded, crc32c=crc32c-generic, zoned=no, fsverity=no
Oct 18 00:40:40 LAPTOP-5MFKVMMH kernel: [    0.417061] Freeing unused kernel image (initmem) memory: 2024K
Oct 18 00:40:40 LAPTOP-5MFKVMMH kernel: [    0.496022] Write protecting the kernel read-only data: 30720k
Oct 18 00:40:40 LAPTOP-5MFKVMMH kernel: [    0.497732] Freeing unused kernel image (text/rodata gap) memory: 2024K
Oct 18 00:40:40 LAPTOP-5MFKVMMH kernel: [    0.498765] Freeing unused kernel image (rodata/data gap) memory: 484K
Oct 18 00:40:40 LAPTOP-5MFKVMMH kernel: [    0.498980] Run /init as init process
Oct 18 00:40:40 LAPTOP-5MFKVMMH kernel: [    0.499076]   with arguments:
Oct 18 00:40:40 LAPTOP-5MFKVMMH kernel: [    0.499179]     /init
Oct 18 00:40:40 LAPTOP-5MFKVMMH kernel: [    0.499244]   with environment:
Oct 18 00:40:40 LAPTOP-5MFKVMMH kernel: [    0.499342]     HOME=/
Oct 18 00:40:40 LAPTOP-5MFKVMMH kernel: [    0.499406]     TERM=linux
Oct 18 00:40:40 LAPTOP-5MFKVMMH kernel: [    0.499470]     WSL_ROOT_INIT=1
Oct 18 00:40:40 LAPTOP-5MFKVMMH kernel: [    0.561617] scsi 0:0:0:0: Direct-Access     Msft     Virtual Disk     1.0  PQ: 0 ANSI: 5
Oct 18 00:40:40 LAPTOP-5MFKVMMH kernel: [    0.563424] sd 0:0:0:0: Attached scsi generic sg0 type 0
Oct 18 00:40:40 LAPTOP-5MFKVMMH kernel: [    0.563816] sd 0:0:0:0: [sda] 748624 512-byte logical blocks: (383 MB/366 MiB)
Oct 18 00:40:40 LAPTOP-5MFKVMMH kernel: [    0.564099] sd 0:0:0:0: [sda] Write Protect is on
Oct 18 00:40:40 LAPTOP-5MFKVMMH kernel: [    0.564331] sd 0:0:0:0: [sda] Mode Sense: 0f 00 80 00
Oct 18 00:40:40 LAPTOP-5MFKVMMH kernel: [    0.564694] sd 0:0:0:0: [sda] Write cache: disabled, read cache: enabled, doesn't support DPO or FUA
Oct 18 00:40:40 LAPTOP-5MFKVMMH kernel: [    0.996729] EXT4-fs (sda): mounted filesystem without journal. Opts: (null). Quota mode: none.
Oct 18 00:40:40 LAPTOP-5MFKVMMH kernel: [    1.096280] sd 0:0:0:0: [sda] Attached SCSI disk
Oct 18 00:40:40 LAPTOP-5MFKVMMH kernel: [    1.235953] hv_pci 083fcb6f-7487-4736-b150-92d40adcfe35: PCI VMBus probing: Using version 0x10004
Oct 18 00:40:40 LAPTOP-5MFKVMMH kernel: [    1.237492] hv_pci 083fcb6f-7487-4736-b150-92d40adcfe35: PCI host bridge to bus 7487:00
Oct 18 00:40:40 LAPTOP-5MFKVMMH kernel: [    1.237790] pci_bus 7487:00: root bus resource [mem 0xc00000000-0xe00001fff window]
Oct 18 00:40:40 LAPTOP-5MFKVMMH kernel: [    1.238081] pci_bus 7487:00: No busn resource found for root bus, will use [bus 00-ff]
Oct 18 00:40:40 LAPTOP-5MFKVMMH kernel: [    1.238851] pci 7487:00:00.0: [1af4:105a] type 00 class 0x088000
Oct 18 00:40:40 LAPTOP-5MFKVMMH kernel: [    1.240426] pci 7487:00:00.0: reg 0x10: [mem 0xe00000000-0xe00000fff 64bit]
Oct 18 00:40:40 LAPTOP-5MFKVMMH kernel: [    1.241879] pci 7487:00:00.0: reg 0x18: [mem 0xe00001000-0xe00001fff 64bit]
Oct 18 00:40:40 LAPTOP-5MFKVMMH kernel: [    1.243415] pci 7487:00:00.0: reg 0x20: [mem 0xc00000000-0xdffffffff 64bit]
Oct 18 00:40:40 LAPTOP-5MFKVMMH kernel: [    1.246570] pci_bus 7487:00: busn_res: [bus 00-ff] end is updated to 00
Oct 18 00:40:40 LAPTOP-5MFKVMMH kernel: [    1.246825] pci 7487:00:00.0: BAR 4: assigned [mem 0xc00000000-0xdffffffff 64bit]
Oct 18 00:40:40 LAPTOP-5MFKVMMH kernel: [    1.248214] pci 7487:00:00.0: BAR 0: assigned [mem 0xe00000000-0xe00000fff 64bit]
Oct 18 00:40:40 LAPTOP-5MFKVMMH kernel: [    1.249625] pci 7487:00:00.0: BAR 2: assigned [mem 0xe00001000-0xe00001fff 64bit]
Oct 18 00:40:40 LAPTOP-5MFKVMMH kernel: [    1.259013] virtiofs virtio2: Cache len: 0x200000000 @ 0xc00000000
Oct 18 00:40:40 LAPTOP-5MFKVMMH kernel: [    1.313953] memmap_init_zone_device initialised 2097152 pages in 20ms
Oct 18 00:40:40 LAPTOP-5MFKVMMH kernel: [    1.322291] FS-Cache: Duplicate cookie detected
Oct 18 00:40:40 LAPTOP-5MFKVMMH kernel: [    1.322611] FS-Cache: O-cookie c=00000004 [p=00000002 fl=222 nc=0 na=1]
Oct 18 00:40:40 LAPTOP-5MFKVMMH kernel: [    1.322835] FS-Cache: O-cookie d=000000006832c2c1{9P.session} n=00000000d1b962b0
Oct 18 00:40:40 LAPTOP-5MFKVMMH kernel: [    1.323036] FS-Cache: O-key=[10] '34323934393337343230'
Oct 18 00:40:40 LAPTOP-5MFKVMMH kernel: [    1.323200] FS-Cache: N-cookie c=00000005 [p=00000002 fl=2 nc=0 na=1]
Oct 18 00:40:40 LAPTOP-5MFKVMMH kernel: [    1.323374] FS-Cache: N-cookie d=000000006832c2c1{9P.session} n=00000000e1bc13ca
Oct 18 00:40:40 LAPTOP-5MFKVMMH kernel: [    1.323577] FS-Cache: N-key=[10] '34323934393337343230'
Oct 18 00:40:40 LAPTOP-5MFKVMMH kernel: [    1.325029] FS-Cache: Duplicate cookie detected
Oct 18 00:40:40 LAPTOP-5MFKVMMH kernel: [    1.325270] FS-Cache: O-cookie c=00000004 [p=00000002 fl=222 nc=0 na=1]
Oct 18 00:40:40 LAPTOP-5MFKVMMH kernel: [    1.325448] FS-Cache: O-cookie d=000000006832c2c1{9P.session} n=00000000d1b962b0
Oct 18 00:40:40 LAPTOP-5MFKVMMH kernel: [    1.325890] FS-Cache: O-key=[10] '34323934393337343230'
Oct 18 00:40:40 LAPTOP-5MFKVMMH kernel: [    1.326059] FS-Cache: N-cookie c=00000006 [p=00000002 fl=2 nc=0 na=1]
Oct 18 00:40:40 LAPTOP-5MFKVMMH kernel: [    1.326237] FS-Cache: N-cookie d=000000006832c2c1{9P.session} n=00000000191a318a
Oct 18 00:40:40 LAPTOP-5MFKVMMH kernel: [    1.326464] FS-Cache: N-key=[10] '34323934393337343230'
Oct 18 00:40:40 LAPTOP-5MFKVMMH kernel: [    1.355788] clocksource: tsc: mask: 0xffffffffffffffff max_cycles: 0x23fa781fa7b, max_idle_ns: 440795226023 ns
Oct 18 00:40:40 LAPTOP-5MFKVMMH kernel: [    1.356670] clocksource: Switched to clocksource tsc
Oct 18 00:40:40 LAPTOP-5MFKVMMH kernel: [    1.385798] IPv6: ADDRCONF(NETDEV_CHANGE): eth0: link becomes ready
Oct 18 00:40:40 LAPTOP-5MFKVMMH kernel: [    2.676274] scsi 0:0:0:1: Direct-Access     Msft     Virtual Disk     1.0  PQ: 0 ANSI: 5
Oct 18 00:40:40 LAPTOP-5MFKVMMH kernel: [    2.678807] sd 0:0:0:1: Attached scsi generic sg1 type 0
Oct 18 00:40:40 LAPTOP-5MFKVMMH kernel: [    2.679698] sd 0:0:0:1: [sdb] 8388616 512-byte logical blocks: (4.29 GB/4.00 GiB)
Oct 18 00:40:40 LAPTOP-5MFKVMMH kernel: [    2.679761] scsi 0:0:0:2: Direct-Access     Msft     Virtual Disk     1.0  PQ: 0 ANSI: 5
Oct 18 00:40:40 LAPTOP-5MFKVMMH kernel: [    2.680125] sd 0:0:0:1: [sdb] 4096-byte physical blocks
Oct 18 00:40:40 LAPTOP-5MFKVMMH kernel: [    2.680666] sd 0:0:0:2: Attached scsi generic sg2 type 0
Oct 18 00:40:40 LAPTOP-5MFKVMMH kernel: [    2.680679] sd 0:0:0:1: [sdb] Write Protect is off
Oct 18 00:40:40 LAPTOP-5MFKVMMH kernel: [    2.681009] sd 0:0:0:1: [sdb] Mode Sense: 0f 00 00 00
Oct 18 00:40:40 LAPTOP-5MFKVMMH kernel: [    2.681112] sd 0:0:0:2: [sdc] 536870912 512-byte logical blocks: (275 GB/256 GiB)
Oct 18 00:40:40 LAPTOP-5MFKVMMH kernel: [    2.681309] sd 0:0:0:1: [sdb] Write cache: enabled, read cache: enabled, doesn't support DPO or FUA
Oct 18 00:40:40 LAPTOP-5MFKVMMH kernel: [    2.681456] sd 0:0:0:2: [sdc] 4096-byte physical blocks
Oct 18 00:40:40 LAPTOP-5MFKVMMH kernel: [    2.681890] sd 0:0:0:2: [sdc] Write Protect is off
Oct 18 00:40:40 LAPTOP-5MFKVMMH kernel: [    2.682133] sd 0:0:0:2: [sdc] Mode Sense: 0f 00 00 00
Oct 18 00:40:40 LAPTOP-5MFKVMMH kernel: [    2.682391] sd 0:0:0:2: [sdc] Write cache: enabled, read cache: enabled, doesn't support DPO or FUA
Oct 18 00:40:40 LAPTOP-5MFKVMMH kernel: [    2.683263] sd 0:0:0:1: [sdb] Attached SCSI disk
Oct 18 00:40:40 LAPTOP-5MFKVMMH kernel: [    2.684206] sd 0:0:0:2: [sdc] Attached SCSI disk
Oct 18 00:40:40 LAPTOP-5MFKVMMH kernel: [    2.703897] EXT4-fs (sdc): recovery complete
Oct 18 00:40:40 LAPTOP-5MFKVMMH kernel: [    2.706864] EXT4-fs (sdc): mounted filesystem with ordered data mode. Opts: discard,errors=remount-ro,data=ordered. Quota mode: none.
Oct 18 00:40:40 LAPTOP-5MFKVMMH kernel: [    2.724901] Adding 4194304k swap on /dev/sdb.  Priority:-2 extents:1 across:4194304k
Oct 18 00:40:40 LAPTOP-5MFKVMMH kernel: [    3.007765] hv_pci 353f1277-ef70-45e9-8519-a4516cae4df4: PCI VMBus probing: Using version 0x10004
Oct 18 00:40:40 LAPTOP-5MFKVMMH kernel: [    3.009187] hv_pci 353f1277-ef70-45e9-8519-a4516cae4df4: PCI host bridge to bus ef70:00
Oct 18 00:40:40 LAPTOP-5MFKVMMH kernel: [    3.009545] pci_bus ef70:00: root bus resource [mem 0x9ffe08000-0x9ffe0afff window]
Oct 18 00:40:40 LAPTOP-5MFKVMMH kernel: [    3.010171] pci_bus ef70:00: No busn resource found for root bus, will use [bus 00-ff]
Oct 18 00:40:40 LAPTOP-5MFKVMMH kernel: [    3.011384] pci ef70:00:00.0: [1af4:1049] type 00 class 0x010000
Oct 18 00:40:40 LAPTOP-5MFKVMMH kernel: [    3.012182] pci ef70:00:00.0: reg 0x10: [mem 0x9ffe08000-0x9ffe08fff 64bit]
Oct 18 00:40:40 LAPTOP-5MFKVMMH kernel: [    3.012966] pci ef70:00:00.0: reg 0x18: [mem 0x9ffe09000-0x9ffe09fff 64bit]
Oct 18 00:40:40 LAPTOP-5MFKVMMH kernel: [    3.013521] pci ef70:00:00.0: reg 0x20: [mem 0x9ffe0a000-0x9ffe0afff 64bit]
Oct 18 00:40:40 LAPTOP-5MFKVMMH kernel: [    3.015684] pci_bus ef70:00: busn_res: [bus 00-ff] end is updated to 00
Oct 18 00:40:40 LAPTOP-5MFKVMMH kernel: [    3.015940] pci ef70:00:00.0: BAR 0: assigned [mem 0x9ffe08000-0x9ffe08fff 64bit]
Oct 18 00:40:40 LAPTOP-5MFKVMMH kernel: [    3.016417] pci ef70:00:00.0: BAR 2: assigned [mem 0x9ffe09000-0x9ffe09fff 64bit]
Oct 18 00:40:40 LAPTOP-5MFKVMMH kernel: [    3.016915] pci ef70:00:00.0: BAR 4: assigned [mem 0x9ffe0a000-0x9ffe0afff 64bit]
Oct 18 00:40:40 LAPTOP-5MFKVMMH kernel: [    3.053145] hv_pci 265556bd-99d9-4e5c-83b3-9930aea48511: PCI VMBus probing: Using version 0x10004
Oct 18 00:40:40 LAPTOP-5MFKVMMH kernel: [    3.054199] hv_pci 265556bd-99d9-4e5c-83b3-9930aea48511: PCI host bridge to bus 99d9:00
Oct 18 00:40:40 LAPTOP-5MFKVMMH kernel: [    3.054499] pci_bus 99d9:00: root bus resource [mem 0x9ffe0c000-0x9ffe0efff window]
Oct 18 00:40:40 LAPTOP-5MFKVMMH kernel: [    3.054742] pci_bus 99d9:00: No busn resource found for root bus, will use [bus 00-ff]
Oct 18 00:40:40 LAPTOP-5MFKVMMH kernel: [    3.055574] pci 99d9:00:00.0: [1af4:1049] type 00 class 0x010000
Oct 18 00:40:40 LAPTOP-5MFKVMMH kernel: [    3.056529] pci 99d9:00:00.0: reg 0x10: [mem 0x9ffe0c000-0x9ffe0cfff 64bit]
Oct 18 00:40:40 LAPTOP-5MFKVMMH kernel: [    3.057419] pci 99d9:00:00.0: reg 0x18: [mem 0x9ffe0d000-0x9ffe0dfff 64bit]
Oct 18 00:40:40 LAPTOP-5MFKVMMH kernel: [    3.058204] pci 99d9:00:00.0: reg 0x20: [mem 0x9ffe0e000-0x9ffe0efff 64bit]
Oct 18 00:40:40 LAPTOP-5MFKVMMH kernel: [    3.061234] pci_bus 99d9:00: busn_res: [bus 00-ff] end is updated to 00
Oct 18 00:40:40 LAPTOP-5MFKVMMH kernel: [    3.061595] pci 99d9:00:00.0: BAR 0: assigned [mem 0x9ffe0c000-0x9ffe0cfff 64bit]
Oct 18 00:40:40 LAPTOP-5MFKVMMH kernel: [    3.062183] pci 99d9:00:00.0: BAR 2: assigned [mem 0x9ffe0d000-0x9ffe0dfff 64bit]
Oct 18 00:40:40 LAPTOP-5MFKVMMH kernel: [    3.062719] pci 99d9:00:00.0: BAR 4: assigned [mem 0x9ffe0e000-0x9ffe0efff 64bit]
Oct 18 00:40:40 LAPTOP-5MFKVMMH kernel: [    3.212294] misc dxg: dxgk: dxgkio_query_adapter_info: Ioctl failed: -22
Oct 18 00:40:40 LAPTOP-5MFKVMMH kernel: [    3.212781] misc dxg: dxgk: dxgkio_query_adapter_info: Ioctl failed: -22
Oct 18 00:40:40 LAPTOP-5MFKVMMH kernel: [    3.213033] misc dxg: dxgk: dxgkio_query_adapter_info: Ioctl failed: -22
Oct 18 00:40:40 LAPTOP-5MFKVMMH kernel: [    3.213391] misc dxg: dxgk: dxgkio_query_adapter_info: Ioctl failed: -2
Oct 18 00:40:40 LAPTOP-5MFKVMMH kernel: [    3.214037] misc dxg: dxgk: dxgkio_query_adapter_info: Ioctl failed: -22
Oct 18 00:40:40 LAPTOP-5MFKVMMH kernel: [    3.214389] misc dxg: dxgk: dxgkio_query_adapter_info: Ioctl failed: -22
Oct 18 00:40:40 LAPTOP-5MFKVMMH kernel: [    3.214663] misc dxg: dxgk: dxgkio_query_adapter_info: Ioctl failed: -22
Oct 18 00:40:40 LAPTOP-5MFKVMMH kernel: [    3.214978] misc dxg: dxgk: dxgkio_query_adapter_info: Ioctl failed: -2
Oct 18 00:40:40 LAPTOP-5MFKVMMH kernel: [    4.491291] misc dxg: dxgk: dxgkio_query_adapter_info: Ioctl failed: -2
Oct 18 00:40:40 LAPTOP-5MFKVMMH kernel: [    4.710652] misc dxg: dxgk: dxgkio_query_adapter_info: Ioctl failed: -2
Oct 18 00:40:40 LAPTOP-5MFKVMMH kernel: [    4.711239] misc dxg: dxgk: dxgkio_query_adapter_info: Ioctl failed: -2
Oct 18 00:40:40 LAPTOP-5MFKVMMH kernel: [    4.711633] misc dxg: dxgk: dxgkio_query_adapter_info: Ioctl failed: -2
Oct 18 00:40:40 LAPTOP-5MFKVMMH kernel: [    4.712072] misc dxg: dxgk: dxgkio_query_adapter_info: Ioctl failed: -2
Oct 18 00:40:40 LAPTOP-5MFKVMMH kernel: [    4.712532] misc dxg: dxgk: dxgkio_query_adapter_info: Ioctl failed: -2
Oct 18 00:40:40 LAPTOP-5MFKVMMH kernel: [    4.712866] misc dxg: dxgk: dxgkio_query_adapter_info: Ioctl failed: -2
Oct 18 00:40:40 LAPTOP-5MFKVMMH kernel: [    4.713267] misc dxg: dxgk: dxgkio_query_adapter_info: Ioctl failed: -2
Oct 18 00:40:40 LAPTOP-5MFKVMMH kernel: [    4.713895] misc dxg: dxgk: dxgkio_query_adapter_info: Ioctl failed: -2
Oct 18 00:40:40 LAPTOP-5MFKVMMH kernel: [    4.714503] misc dxg: dxgk: dxgkio_query_adapter_info: Ioctl failed: -2
Oct 18 00:40:40 LAPTOP-5MFKVMMH kernel: [    4.714871] misc dxg: dxgk: dxgkio_query_adapter_info: Ioctl failed: -2
Oct 18 00:40:40 LAPTOP-5MFKVMMH kernel: [    5.066027] misc dxg: dxgk: dxgkio_query_adapter_info: Ioctl failed: -2
Oct 18 00:40:40 LAPTOP-5MFKVMMH kernel: [   49.239495] hv_balloon: Max. dynamic memory size: 16228 MB
Oct 18 00:40:40 LAPTOP-5MFKVMMH kernel: [  160.955520] scsi 0:0:0:3: Direct-Access     Msft     Virtual Disk     1.0  PQ: 0 ANSI: 5
Oct 18 00:40:40 LAPTOP-5MFKVMMH kernel: [  160.956417] sd 0:0:0:3: Attached scsi generic sg3 type 0
Oct 18 00:40:40 LAPTOP-5MFKVMMH kernel: [  160.956878] sd 0:0:0:3: [sdd] 2147483648 512-byte logical blocks: (1.10 TB/1.00 TiB)
Oct 18 00:40:40 LAPTOP-5MFKVMMH kernel: [  160.957164] sd 0:0:0:3: [sdd] 4096-byte physical blocks
Oct 18 00:40:40 LAPTOP-5MFKVMMH kernel: [  160.957396] sd 0:0:0:3: [sdd] Write Protect is off
Oct 18 00:40:40 LAPTOP-5MFKVMMH kernel: [  160.957570] sd 0:0:0:3: [sdd] Mode Sense: 0f 00 00 00
Oct 18 00:40:40 LAPTOP-5MFKVMMH kernel: [  160.957851] sd 0:0:0:3: [sdd] Write cache: enabled, read cache: enabled, doesn't support DPO or FUA
Oct 18 00:40:40 LAPTOP-5MFKVMMH kernel: [  160.959778] sd 0:0:0:3: [sdd] Attached SCSI disk
Oct 18 00:40:40 LAPTOP-5MFKVMMH kernel: [  161.135190] EXT4-fs (sdd): mounted filesystem with ordered data mode. Opts: discard,errors=remount-ro,data=ordered. Quota mode: none.
Oct 18 00:40:40 LAPTOP-5MFKVMMH kernel: [  167.731934] EXT4-fs (sdd): mounted filesystem with ordered data mode. Opts: discard,errors=remount-ro,data=ordered. Quota mode: none.
Oct 18 00:40:40 LAPTOP-5MFKVMMH kernel: [  167.759166] hv_pci 937f4dac-5f99-4ac2-8347-2da7140a0ac2: PCI VMBus probing: Using version 0x10004
Oct 18 00:40:40 LAPTOP-5MFKVMMH kernel: [  167.793639] hv_pci 937f4dac-5f99-4ac2-8347-2da7140a0ac2: PCI host bridge to bus 5f99:00
Oct 18 00:40:40 LAPTOP-5MFKVMMH kernel: [  167.794146] pci_bus 5f99:00: root bus resource [mem 0xbffe10000-0xbffe12fff window]
Oct 18 00:40:40 LAPTOP-5MFKVMMH kernel: [  167.794460] pci_bus 5f99:00: No busn resource found for root bus, will use [bus 00-ff]
Oct 18 00:40:40 LAPTOP-5MFKVMMH kernel: [  167.795521] pci 5f99:00:00.0: [1af4:1049] type 00 class 0x010000
Oct 18 00:40:40 LAPTOP-5MFKVMMH kernel: [  167.796551] pci 5f99:00:00.0: reg 0x10: [mem 0xbffe10000-0xbffe10fff 64bit]
Oct 18 00:40:40 LAPTOP-5MFKVMMH kernel: [  167.797199] pci 5f99:00:00.0: reg 0x18: [mem 0xbffe11000-0xbffe11fff 64bit]
Oct 18 00:40:40 LAPTOP-5MFKVMMH kernel: [  167.797847] pci 5f99:00:00.0: reg 0x20: [mem 0xbffe12000-0xbffe12fff 64bit]
Oct 18 00:40:40 LAPTOP-5MFKVMMH kernel: [  167.800192] pci_bus 5f99:00: busn_res: [bus 00-ff] end is updated to 00
Oct 18 00:40:40 LAPTOP-5MFKVMMH kernel: [  167.800464] pci 5f99:00:00.0: BAR 0: assigned [mem 0xbffe10000-0xbffe10fff 64bit]
Oct 18 00:40:40 LAPTOP-5MFKVMMH kernel: [  167.801266] pci 5f99:00:00.0: BAR 2: assigned [mem 0xbffe11000-0xbffe11fff 64bit]
Oct 18 00:40:40 LAPTOP-5MFKVMMH kernel: [  167.801832] pci 5f99:00:00.0: BAR 4: assigned [mem 0xbffe12000-0xbffe12fff 64bit]
Oct 18 00:40:40 LAPTOP-5MFKVMMH kernel: [  167.905057] misc dxg: dxgk: dxgkio_query_adapter_info: Ioctl failed: -22
Oct 18 00:40:40 LAPTOP-5MFKVMMH kernel: [  167.906036] misc dxg: dxgk: dxgkio_query_adapter_info: Ioctl failed: -22
Oct 18 00:40:40 LAPTOP-5MFKVMMH kernel: [  167.906674] misc dxg: dxgk: dxgkio_query_adapter_info: Ioctl failed: -22
Oct 18 00:40:40 LAPTOP-5MFKVMMH kernel: [  167.907355] misc dxg: dxgk: dxgkio_query_adapter_info: Ioctl failed: -2
Oct 18 00:40:40 LAPTOP-5MFKVMMH kernel: [  167.908287] misc dxg: dxgk: dxgkio_query_adapter_info: Ioctl failed: -22
Oct 18 00:40:40 LAPTOP-5MFKVMMH kernel: [  167.908721] misc dxg: dxgk: dxgkio_query_adapter_info: Ioctl failed: -22
Oct 18 00:40:40 LAPTOP-5MFKVMMH kernel: [  167.909035] misc dxg: dxgk: dxgkio_query_adapter_info: Ioctl failed: -22
Oct 18 00:40:40 LAPTOP-5MFKVMMH kernel: [  167.909401] misc dxg: dxgk: dxgkio_query_adapter_info: Ioctl failed: -2
Oct 18 00:40:40 LAPTOP-5MFKVMMH kernel: [  167.918108] misc dxg: dxgk: dxgkio_query_adapter_info: Ioctl failed: -2
Oct 18 00:40:40 LAPTOP-5MFKVMMH kernel: [  167.988980] misc dxg: dxgk: dxgkio_query_adapter_info: Ioctl failed: -2
Oct 18 00:40:40 LAPTOP-5MFKVMMH kernel: [  167.989445] misc dxg: dxgk: dxgkio_query_adapter_info: Ioctl failed: -2
Oct 18 00:40:40 LAPTOP-5MFKVMMH kernel: [  167.989807] misc dxg: dxgk: dxgkio_query_adapter_info: Ioctl failed: -2
Oct 18 00:40:40 LAPTOP-5MFKVMMH kernel: [  167.990090] misc dxg: dxgk: dxgkio_query_adapter_info: Ioctl failed: -2
Oct 18 00:40:40 LAPTOP-5MFKVMMH kernel: [  167.990432] misc dxg: dxgk: dxgkio_query_adapter_info: Ioctl failed: -2
Oct 18 00:40:40 LAPTOP-5MFKVMMH kernel: [  167.990784] misc dxg: dxgk: dxgkio_query_adapter_info: Ioctl failed: -2
Oct 18 00:40:40 LAPTOP-5MFKVMMH kernel: [  167.991108] misc dxg: dxgk: dxgkio_query_adapter_info: Ioctl failed: -2
Oct 18 00:40:40 LAPTOP-5MFKVMMH kernel: [  167.991149] hv_pci 771d58b5-7591-4b9c-b9ac-922842f9bfba: PCI VMBus probing: Using version 0x10004
Oct 18 00:40:40 LAPTOP-5MFKVMMH kernel: [  167.991672] misc dxg: dxgk: dxgkio_query_adapter_info: Ioctl failed: -2
Oct 18 00:40:40 LAPTOP-5MFKVMMH kernel: [  167.992032] misc dxg: dxgk: dxgkio_query_adapter_info: Ioctl failed: -2
Oct 18 00:40:40 LAPTOP-5MFKVMMH kernel: [  167.992368] misc dxg: dxgk: dxgkio_query_adapter_info: Ioctl failed: -2
Oct 18 00:40:40 LAPTOP-5MFKVMMH kernel: [  168.017803] misc dxg: dxgk: dxgkio_query_adapter_info: Ioctl failed: -2
Oct 18 00:40:40 LAPTOP-5MFKVMMH kernel: [  168.027203] hv_pci 771d58b5-7591-4b9c-b9ac-922842f9bfba: PCI host bridge to bus 7591:00
Oct 18 00:40:40 LAPTOP-5MFKVMMH kernel: [  168.027677] pci_bus 7591:00: root bus resource [mem 0xbffe14000-0xbffe16fff window]
Oct 18 00:40:40 LAPTOP-5MFKVMMH kernel: [  168.027968] pci_bus 7591:00: No busn resource found for root bus, will use [bus 00-ff]
Oct 18 00:40:40 LAPTOP-5MFKVMMH kernel: [  168.028803] pci 7591:00:00.0: [1af4:1049] type 00 class 0x010000
Oct 18 00:40:40 LAPTOP-5MFKVMMH kernel: [  168.029614] pci 7591:00:00.0: reg 0x10: [mem 0xbffe14000-0xbffe14fff 64bit]
Oct 18 00:40:40 LAPTOP-5MFKVMMH kernel: [  168.030311] pci 7591:00:00.0: reg 0x18: [mem 0xbffe15000-0xbffe15fff 64bit]
Oct 18 00:40:40 LAPTOP-5MFKVMMH kernel: [  168.031152] pci 7591:00:00.0: reg 0x20: [mem 0xbffe16000-0xbffe16fff 64bit]
Oct 18 00:40:40 LAPTOP-5MFKVMMH kernel: [  168.033903] pci_bus 7591:00: busn_res: [bus 00-ff] end is updated to 00
Oct 18 00:40:40 LAPTOP-5MFKVMMH kernel: [  168.034455] pci 7591:00:00.0: BAR 0: assigned [mem 0xbffe14000-0xbffe14fff 64bit]
Oct 18 00:40:40 LAPTOP-5MFKVMMH kernel: [  168.035359] pci 7591:00:00.0: BAR 2: assigned [mem 0xbffe15000-0xbffe15fff 64bit]
Oct 18 00:40:40 LAPTOP-5MFKVMMH kernel: [  168.036183] pci 7591:00:00.0: BAR 4: assigned [mem 0xbffe16000-0xbffe16fff 64bit]
Oct 18 00:40:40 LAPTOP-5MFKVMMH kernel: [  169.706536] loop0: detected capacity change from 0 to 126896
Oct 18 00:40:40 LAPTOP-5MFKVMMH kernel: [  169.718263] loop1: detected capacity change from 0 to 265816
Oct 18 00:40:40 LAPTOP-5MFKVMMH kernel: [  169.730396] loop2: detected capacity change from 0 to 187776
Oct 18 00:40:40 LAPTOP-5MFKVMMH kernel: [  175.027993] misc dxg: dxgk: dxgkio_query_adapter_info: Ioctl failed: -22
Oct 18 00:40:40 LAPTOP-5MFKVMMH kernel: [  175.028453] misc dxg: dxgk: dxgkio_query_adapter_info: Ioctl failed: -22
Oct 18 00:40:40 LAPTOP-5MFKVMMH kernel: [  175.028714] misc dxg: dxgk: dxgkio_query_adapter_info: Ioctl failed: -22
Oct 18 00:40:40 LAPTOP-5MFKVMMH kernel: [  175.029028] misc dxg: dxgk: dxgkio_query_adapter_info: Ioctl failed: -2
Oct 18 00:40:40 LAPTOP-5MFKVMMH kernel: [  175.029567] misc dxg: dxgk: dxgkio_query_adapter_info: Ioctl failed: -22
Oct 18 00:40:40 LAPTOP-5MFKVMMH kernel: [  175.029836] misc dxg: dxgk: dxgkio_query_adapter_info: Ioctl failed: -22
Oct 18 00:40:40 LAPTOP-5MFKVMMH kernel: [  175.030053] misc dxg: dxgk: dxgkio_query_adapter_info: Ioctl failed: -22
Oct 18 00:40:40 LAPTOP-5MFKVMMH kernel: [  175.030328] misc dxg: dxgk: dxgkio_query_adapter_info: Ioctl failed: -2
Oct 18 00:40:40 LAPTOP-5MFKVMMH kernel: [  175.042330] misc dxg: dxgk: dxgkio_query_adapter_info: Ioctl failed: -2
Oct 18 00:40:40 LAPTOP-5MFKVMMH kernel: [  175.110918] misc dxg: dxgk: dxgkio_query_adapter_info: Ioctl failed: -2
Oct 18 00:40:40 LAPTOP-5MFKVMMH kernel: [  175.111566] misc dxg: dxgk: dxgkio_query_adapter_info: Ioctl failed: -2
Oct 18 00:40:40 LAPTOP-5MFKVMMH kernel: [  175.112005] misc dxg: dxgk: dxgkio_query_adapter_info: Ioctl failed: -2
Oct 18 00:40:40 LAPTOP-5MFKVMMH kernel: [  175.112363] misc dxg: dxgk: dxgkio_query_adapter_info: Ioctl failed: -2
Oct 18 00:40:40 LAPTOP-5MFKVMMH kernel: [  175.112701] misc dxg: dxgk: dxgkio_query_adapter_info: Ioctl failed: -2
Oct 18 00:40:40 LAPTOP-5MFKVMMH kernel: [  175.112935] misc dxg: dxgk: dxgkio_query_adapter_info: Ioctl failed: -2
Oct 18 00:40:40 LAPTOP-5MFKVMMH kernel: [  175.113172] misc dxg: dxgk: dxgkio_query_adapter_info: Ioctl failed: -2
Oct 18 00:40:40 LAPTOP-5MFKVMMH kernel: [  175.113398] misc dxg: dxgk: dxgkio_query_adapter_info: Ioctl failed: -2
Oct 18 00:40:40 LAPTOP-5MFKVMMH kernel: [  175.113624] misc dxg: dxgk: dxgkio_query_adapter_info: Ioctl failed: -2
Oct 18 00:40:40 LAPTOP-5MFKVMMH kernel: [  175.113837] misc dxg: dxgk: dxgkio_query_adapter_info: Ioctl failed: -2
Oct 18 00:40:40 LAPTOP-5MFKVMMH kernel: [  175.134727] misc dxg: dxgk: dxgkio_query_adapter_info: Ioctl failed: -2
Oct 18 00:40:40 LAPTOP-5MFKVMMH kernel: [  280.080596] ubuntu_wsl_setu[887]: segfault at 7fc4bce8c000 ip 00007fc4beb04581 sp 00007fc4bce8aab0 error 4 in libnvwgf2umx.so[7fc4bddb0000+12e0000]
Oct 18 00:40:40 LAPTOP-5MFKVMMH kernel: [  280.081183] Code: 90 90 90 90 90 90 90 90 90 41 8b 45 10 48 8b 54 24 10 48 83 c2 01 89 c1 41 83 c7 01 48 39 ca 0f 83 6c 01 00 00 48 8b 4c 24 20 <8b> 0c 91 0f b7 c9 41 3b 8c 95 44 04 00 00 74 d8 41 89 8c 95 44 04
Oct 18 00:40:40 LAPTOP-5MFKVMMH kernel: [  280.081724] potentially unexpected fatal signal 11.
Oct 18 00:40:40 LAPTOP-5MFKVMMH kernel: [  280.081878] CPU: 6 PID: 887 Comm: ubuntu_wsl_setu Not tainted 5.15.68.1-microsoft-standard-WSL2 #1
Oct 18 00:40:40 LAPTOP-5MFKVMMH kernel: [  280.082159] RIP: 0033:0x7fc4beb04581
Oct 18 00:40:40 LAPTOP-5MFKVMMH kernel: [  280.082276] Code: 90 90 90 90 90 90 90 90 90 41 8b 45 10 48 8b 54 24 10 48 83 c2 01 89 c1 41 83 c7 01 48 39 ca 0f 83 6c 01 00 00 48 8b 4c 24 20 <8b> 0c 91 0f b7 c9 41 3b 8c 95 44 04 00 00 74 d8 41 89 8c 95 44 04
Oct 18 00:40:40 LAPTOP-5MFKVMMH kernel: [  280.082812] RSP: 002b:00007fc4bce8aab0 EFLAGS: 00010246
Oct 18 00:40:40 LAPTOP-5MFKVMMH kernel: [  280.082954] RAX: 0000000000000030 RBX: 00000000015327c0 RCX: 00007fc4bce8c000
Oct 18 00:40:40 LAPTOP-5MFKVMMH kernel: [  280.083195] RDX: 0000000000000000 RSI: 000000000159bb00 RDI: 00000000015327c0
Oct 18 00:40:40 LAPTOP-5MFKVMMH kernel: [  280.083417] RBP: 0000000000000000 R08: 0000000000000000 R09: 00007fc4cfb2f080
Oct 18 00:40:40 LAPTOP-5MFKVMMH kernel: [  280.083637] R10: 000000000000caec R11: 0000000000000000 R12: 000000000159bb00
Oct 18 00:40:40 LAPTOP-5MFKVMMH kernel: [  280.083858] R13: 000000000159bb00 R14: 0000000001532801 R15: 0000000000000000
Oct 18 00:40:40 LAPTOP-5MFKVMMH kernel: [  280.084137] FS:  00007fc4bce8b700 GS:  0000000000000000
Oct 18 00:40:40 LAPTOP-5MFKVMMH kernel: [  280.084304] misc dxg: dxgk: dxgvmb_send_sync_msg: wait_for_completion failed: fffffe00
Oct 18 00:40:40 LAPTOP-5MFKVMMH kernel: [  280.084627] misc dxg: dxgk: dxgvmb_send_sync_msg: wait_for_completion failed: fffffe00
Oct 18 00:40:40 LAPTOP-5MFKVMMH kernel: [  280.084925] misc dxg: dxgk: dxgvmb_send_sync_msg: wait_for_completion failed: fffffe00
Oct 18 00:40:40 LAPTOP-5MFKVMMH kernel: [  280.085140] misc dxg: dxgk: dxgvmb_send_sync_msg: wait_for_completion failed: fffffe00
Oct 18 00:40:40 LAPTOP-5MFKVMMH kernel: [  280.085351] misc dxg: dxgk: dxgvmb_send_sync_msg: wait_for_completion failed: fffffe00
Oct 18 00:40:40 LAPTOP-5MFKVMMH kernel: [  280.085566] misc dxg: dxgk: dxgvmb_send_sync_msg: wait_for_completion failed: fffffe00
Oct 18 00:40:40 LAPTOP-5MFKVMMH kernel: [  280.085797] misc dxg: dxgk: dxgvmb_send_sync_msg: wait_for_completion failed: fffffe00
Oct 18 00:40:40 LAPTOP-5MFKVMMH kernel: [  280.086082] misc dxg: dxgk: dxgvmb_send_sync_msg: wait_for_completion failed: fffffe00
Oct 18 00:40:40 LAPTOP-5MFKVMMH kernel: [  280.086324] misc dxg: dxgk: dxgvmb_send_sync_msg: wait_for_completion failed: fffffe00
Oct 18 00:40:40 LAPTOP-5MFKVMMH kernel: [  280.086564] misc dxg: dxgk: dxgvmb_send_sync_msg: wait_for_completion failed: fffffe00
Oct 18 00:40:40 LAPTOP-5MFKVMMH kernel: [  280.086808] misc dxg: dxgk: dxgvmb_send_sync_msg: wait_for_completion failed: fffffe00
Oct 18 00:40:40 LAPTOP-5MFKVMMH kernel: [  280.087058] misc dxg: dxgk: dxgvmb_send_sync_msg: wait_for_completion failed: fffffe00
Oct 18 00:40:40 LAPTOP-5MFKVMMH kernel: [  280.087298] misc dxg: dxgk: dxgvmb_send_sync_msg: wait_for_completion failed: fffffe00
Oct 18 00:40:40 LAPTOP-5MFKVMMH kernel: [  280.087576] misc dxg: dxgk: dxgvmb_send_sync_msg: wait_for_completion failed: fffffe00
Oct 18 00:40:40 LAPTOP-5MFKVMMH kernel: [  280.088043] misc dxg: dxgk: dxgvmb_send_sync_msg: wait_for_completion failed: fffffe00
Oct 18 00:40:40 LAPTOP-5MFKVMMH kernel: [  280.091566] misc dxg: dxgk: process_completion_packet: did not find packet to complete
Oct 18 00:40:40 LAPTOP-5MFKVMMH kernel: [  280.100573] potentially unexpected fatal signal 11.
Oct 18 00:40:40 LAPTOP-5MFKVMMH kernel: [  280.100821] CPU: 14 PID: 709 Comm: sudo Not tainted 5.15.68.1-microsoft-standard-WSL2 #1
Oct 18 00:40:40 LAPTOP-5MFKVMMH kernel: [  280.101122] RIP: 0033:0x7f0b1237375b
Oct 18 00:40:40 LAPTOP-5MFKVMMH kernel: [  280.101280] Code: 8b 15 d9 66 1d 00 64 89 02 b8 ff ff ff ff eb e0 66 2e 0f 1f 84 00 00 00 00 00 0f 1f 44 00 00 f3 0f 1e fa b8 3e 00 00 00 0f 05 <48> 3d 01 f0 ff ff 73 01 c3 48 8b 0d a5 66 1d 00 f7 d8 64 89 01 48
Oct 18 00:40:40 LAPTOP-5MFKVMMH kernel: [  280.101888] RSP: 002b:00007fff5e5fc3b8 EFLAGS: 00000206 ORIG_RAX: 000000000000003e
Oct 18 00:40:40 LAPTOP-5MFKVMMH kernel: [  280.102168] RAX: 0000000000000000 RBX: 000000000000000b RCX: 00007f0b1237375b
Oct 18 00:40:40 LAPTOP-5MFKVMMH kernel: [  280.102440] misc dxg: dxgk: process_completion_packet: did not find packet to complete
Oct 18 00:40:40 LAPTOP-5MFKVMMH kernel: [  280.102472] RDX: 00000000ffffffff RSI: 000000000000000b RDI: 000000000000001c
Oct 18 00:40:40 LAPTOP-5MFKVMMH kernel: [  280.102990] RBP: 000000000000000b R08: 00007f0b1257113b R09: 00007fff5e5fc2b0
Oct 18 00:40:40 LAPTOP-5MFKVMMH kernel: [  280.103257] R10: 0000000000000008 R11: 0000000000000206 R12: 000055bf8f83fdb0
Oct 18 00:40:40 LAPTOP-5MFKVMMH kernel: [  280.103471] R13: 000055bf8dba7250 R14: 000055bf8f83f150 R15: 0000000000000002
Oct 18 00:40:40 LAPTOP-5MFKVMMH kernel: [  280.103685] FS:  00007f0b1228d840 GS:  0000000000000000
Oct 18 00:40:40 LAPTOP-5MFKVMMH kernel: [  280.998379] EXT4-fs (sdd): mounted filesystem with ordered data mode. Opts: discard,errors=remount-ro,data=ordered. Quota mode: none.
Oct 18 00:40:40 LAPTOP-5MFKVMMH kernel: [  281.101196] misc dxg: dxgk: dxgkio_query_adapter_info: Ioctl failed: -22
Oct 18 00:40:40 LAPTOP-5MFKVMMH kernel: [  281.101643] misc dxg: dxgk: dxgkio_query_adapter_info: Ioctl failed: -22
Oct 18 00:40:40 LAPTOP-5MFKVMMH kernel: [  281.101997] misc dxg: dxgk: dxgkio_query_adapter_info: Ioctl failed: -22
Oct 18 00:40:40 LAPTOP-5MFKVMMH kernel: [  281.102476] misc dxg: dxgk: dxgkio_query_adapter_info: Ioctl failed: -2
Oct 18 00:40:40 LAPTOP-5MFKVMMH kernel: [  281.103341] misc dxg: dxgk: dxgkio_query_adapter_info: Ioctl failed: -22
Oct 18 00:40:40 LAPTOP-5MFKVMMH kernel: [  281.103652] misc dxg: dxgk: dxgkio_query_adapter_info: Ioctl failed: -22
Oct 18 00:40:40 LAPTOP-5MFKVMMH kernel: [  281.103907] misc dxg: dxgk: dxgkio_query_adapter_info: Ioctl failed: -22
Oct 18 00:40:40 LAPTOP-5MFKVMMH kernel: [  281.104354] misc dxg: dxgk: dxgkio_query_adapter_info: Ioctl failed: -2
Oct 18 00:40:40 LAPTOP-5MFKVMMH kernel: [  281.121594] misc dxg: dxgk: dxgkio_query_adapter_info: Ioctl failed: -2
Oct 18 00:40:40 LAPTOP-5MFKVMMH kernel: [  281.201332] misc dxg: dxgk: dxgkio_query_adapter_info: Ioctl failed: -2
Oct 18 00:40:40 LAPTOP-5MFKVMMH kernel: [  281.201874] misc dxg: dxgk: dxgkio_query_adapter_info: Ioctl failed: -2
Oct 18 00:40:40 LAPTOP-5MFKVMMH kernel: [  281.202328] misc dxg: dxgk: dxgkio_query_adapter_info: Ioctl failed: -2
Oct 18 00:40:40 LAPTOP-5MFKVMMH kernel: [  281.202690] misc dxg: dxgk: dxgkio_query_adapter_info: Ioctl failed: -2
Oct 18 00:40:40 LAPTOP-5MFKVMMH kernel: [  281.202992] misc dxg: dxgk: dxgkio_query_adapter_info: Ioctl failed: -2
Oct 18 00:40:40 LAPTOP-5MFKVMMH kernel: [  281.203350] misc dxg: dxgk: dxgkio_query_adapter_info: Ioctl failed: -2
Oct 18 00:40:40 LAPTOP-5MFKVMMH kernel: [  281.203673] misc dxg: dxgk: dxgkio_query_adapter_info: Ioctl failed: -2
Oct 18 00:40:40 LAPTOP-5MFKVMMH kernel: [  281.203990] misc dxg: dxgk: dxgkio_query_adapter_info: Ioctl failed: -2
Oct 18 00:40:40 LAPTOP-5MFKVMMH kernel: [  281.204338] misc dxg: dxgk: dxgkio_query_adapter_info: Ioctl failed: -2
Oct 18 00:40:40 LAPTOP-5MFKVMMH kernel: [  281.204668] misc dxg: dxgk: dxgkio_query_adapter_info: Ioctl failed: -2
Oct 18 00:40:40 LAPTOP-5MFKVMMH kernel: [  281.226870] misc dxg: dxgk: dxgkio_query_adapter_info: Ioctl failed: -2
Oct 18 00:40:40 LAPTOP-5MFKVMMH kernel: [  446.576638] hv_pci 275507d3-a626-4579-8b08-2423499ca334: PCI VMBus probing: Using version 0x10004
Oct 18 00:40:40 LAPTOP-5MFKVMMH kernel: [  446.609640] 9pnet_virtio: no channels available for device drvfsa
Oct 18 00:40:40 LAPTOP-5MFKVMMH kernel: [  446.610270] hv_pci 275507d3-a626-4579-8b08-2423499ca334: PCI host bridge to bus a626:00
Oct 18 00:40:40 LAPTOP-5MFKVMMH kernel: [  446.611286] pci_bus a626:00: root bus resource [mem 0xbffe18000-0xbffe1afff window]
Oct 18 00:40:40 LAPTOP-5MFKVMMH kernel: [  446.612253] pci_bus a626:00: No busn resource found for root bus, will use [bus 00-ff]
Oct 18 00:40:40 LAPTOP-5MFKVMMH kernel: [  446.613382] pci a626:00:00.0: [1af4:1049] type 00 class 0x010000
Oct 18 00:40:40 LAPTOP-5MFKVMMH kernel: [  446.614370] pci a626:00:00.0: reg 0x10: [mem 0xbffe18000-0xbffe18fff 64bit]
Oct 18 00:40:40 LAPTOP-5MFKVMMH kernel: [  446.615412] pci a626:00:00.0: reg 0x18: [mem 0xbffe19000-0xbffe19fff 64bit]
Oct 18 00:40:40 LAPTOP-5MFKVMMH kernel: [  446.616224] pci a626:00:00.0: reg 0x20: [mem 0xbffe1a000-0xbffe1afff 64bit]
Oct 18 00:40:40 LAPTOP-5MFKVMMH kernel: [  446.618469] pci_bus a626:00: busn_res: [bus 00-ff] end is updated to 00
Oct 18 00:40:40 LAPTOP-5MFKVMMH kernel: [  446.618761] pci a626:00:00.0: BAR 0: assigned [mem 0xbffe18000-0xbffe18fff 64bit]
Oct 18 00:40:40 LAPTOP-5MFKVMMH kernel: [  446.619332] pci a626:00:00.0: BAR 2: assigned [mem 0xbffe19000-0xbffe19fff 64bit]
Oct 18 00:40:40 LAPTOP-5MFKVMMH kernel: [  446.620119] pci a626:00:00.0: BAR 4: assigned [mem 0xbffe1a000-0xbffe1afff 64bit]
Oct 18 00:40:40 LAPTOP-5MFKVMMH kernel: [  446.717342] hv_pci f22a7eb3-fc1f-438a-a769-0db81304da80: PCI VMBus probing: Using version 0x10004
Oct 18 00:40:40 LAPTOP-5MFKVMMH kernel: [  446.791499] hv_pci f22a7eb3-fc1f-438a-a769-0db81304da80: PCI host bridge to bus fc1f:00
Oct 18 00:40:40 LAPTOP-5MFKVMMH kernel: [  446.792304] pci_bus fc1f:00: root bus resource [mem 0xbffe1c000-0xbffe1efff window]
Oct 18 00:40:40 LAPTOP-5MFKVMMH kernel: [  446.792798] pci_bus fc1f:00: No busn resource found for root bus, will use [bus 00-ff]
Oct 18 00:40:40 LAPTOP-5MFKVMMH kernel: [  446.793570] pci fc1f:00:00.0: [1af4:1049] type 00 class 0x010000
Oct 18 00:40:40 LAPTOP-5MFKVMMH kernel: [  446.794422] pci fc1f:00:00.0: reg 0x10: [mem 0xbffe1c000-0xbffe1cfff 64bit]
Oct 18 00:40:40 LAPTOP-5MFKVMMH kernel: [  446.795149] pci fc1f:00:00.0: reg 0x18: [mem 0xbffe1d000-0xbffe1dfff 64bit]
Oct 18 00:40:40 LAPTOP-5MFKVMMH kernel: [  446.795897] pci fc1f:00:00.0: reg 0x20: [mem 0xbffe1e000-0xbffe1efff 64bit]
Oct 18 00:40:40 LAPTOP-5MFKVMMH kernel: [  446.798188] pci_bus fc1f:00: busn_res: [bus 00-ff] end is updated to 00
Oct 18 00:40:40 LAPTOP-5MFKVMMH kernel: [  446.798530] pci fc1f:00:00.0: BAR 0: assigned [mem 0xbffe1c000-0xbffe1cfff 64bit]
Oct 18 00:40:40 LAPTOP-5MFKVMMH kernel: [  446.799023] pci fc1f:00:00.0: BAR 2: assigned [mem 0xbffe1d000-0xbffe1dfff 64bit]
Oct 18 00:40:40 LAPTOP-5MFKVMMH kernel: [  446.799608] pci fc1f:00:00.0: BAR 4: assigned [mem 0xbffe1e000-0xbffe1efff 64bit]
Oct 18 00:40:41 LAPTOP-5MFKVMMH rsyslogd: rsyslogd's groupid changed to 111
Oct 18 00:40:41 LAPTOP-5MFKVMMH rsyslogd: rsyslogd's userid changed to 104
Oct 18 00:40:41 LAPTOP-5MFKVMMH rsyslogd: [origin software="rsyslogd" swVersion="8.2208.0" x-pid="11610" x-info="https://www.rsyslog.com"] start
Oct 18 22:01:03 LAPTOP-5MFKVMMH kernel: [95174.140240] EXT4-fs (sdc): mounted filesystem with ordered data mode. Opts: discard,errors=remount-ro,data=ordered. Quota mode: none.
Oct 18 22:01:03 LAPTOP-5MFKVMMH kernel: [95174.538870] misc dxg: dxgk: dxgkio_query_adapter_info: Ioctl failed: -22
Oct 18 22:01:03 LAPTOP-5MFKVMMH kernel: [95174.540592] misc dxg: dxgk: dxgkio_query_adapter_info: Ioctl failed: -22
Oct 18 22:01:03 LAPTOP-5MFKVMMH kernel: [95174.540961] misc dxg: dxgk: dxgkio_query_adapter_info: Ioctl failed: -22
Oct 18 22:01:03 LAPTOP-5MFKVMMH kernel: [95174.541701] misc dxg: dxgk: dxgkio_query_adapter_info: Ioctl failed: -2
Oct 18 22:01:03 LAPTOP-5MFKVMMH kernel: [95174.542524] misc dxg: dxgk: dxgkio_query_adapter_info: Ioctl failed: -22
Oct 18 22:01:03 LAPTOP-5MFKVMMH kernel: [95174.542800] misc dxg: dxgk: dxgkio_query_adapter_info: Ioctl failed: -22
Oct 18 22:01:03 LAPTOP-5MFKVMMH kernel: [95174.543056] misc dxg: dxgk: dxgkio_query_adapter_info: Ioctl failed: -22
Oct 18 22:01:03 LAPTOP-5MFKVMMH kernel: [95174.543425] misc dxg: dxgk: dxgkio_query_adapter_info: Ioctl failed: -2
Oct 18 22:01:03 LAPTOP-5MFKVMMH kernel: [95174.644005] misc dxg: dxgk: dxgkio_query_adapter_info: Ioctl failed: -2
Oct 18 22:01:03 SECONDHOST kernel: [95174.779704] misc dxg: dxgk: dxgkio_query_adapter_info: Ioctl failed: -2
Oct 18 22:01:03 SECONDHOST kernel: [95174.780609] misc dxg: dxgk: dxgkio_query_adapter_info: Ioctl failed: -2
Oct 18 22:01:03 SECONDHOST kernel: [95174.781140] misc dxg: dxgk: dxgkio_query_adapter_info: Ioctl failed: -2
Oct 18 22:01:03 SECONDHOST kernel: [95174.781631] misc dxg: dxgk: dxgkio_query_adapter_info: Ioctl failed: -2
Oct 18 22:01:03 SECONDHOST kernel: [95174.781973] misc dxg: dxgk: dxgkio_query_adapter_info: Ioctl failed: -2
Oct 18 22:01:03 SECONDHOST kernel: [95174.782329] misc dxg: dxgk: dxgkio_query_adapter_info: Ioctl failed: -2
Oct 18 22:01:03 SECONDHOST kernel: [95174.782709] misc dxg: dxgk: dxgkio_query_adapter_info: Ioctl failed: -2
Oct 18 22:01:03 SECONDHOST kernel: [95174.783102] misc dxg: dxgk: dxgkio_query_adapter_info: Ioctl failed: -2
Oct 18 22:01:03 SECONDHOST kernel: [95174.783525] misc dxg: dxgk: dxgkio_query_adapter_info: Ioctl failed: -2
Oct 18 22:01:03 SECONDHOST kernel: [95174.783850] misc dxg: dxgk: dxgkio_query_adapter_info: Ioctl failed: -2
Oct 18 22:01:03 SECONDHOST kernel: [95174.895653] misc dxg: dxgk: dxgkio_query_adapter_info: Ioctl failed: -2
Oct 18 00:40:40 SECONDHOST kernel: [  446.717342] hv_pci f22a7eb3-fc1f-438a-a769-0db81304da80: PCI VMBus probing: Using version 0x10004
Oct 18 00:40:40 SECONDHOST kernel: [  446.791499] hv_pci f22a7eb3-fc1f-438a-a769-0db81304da80: PCI host bridge to bus fc1f:00
Oct 18 00:40:40 SECONDHOST kernel: [  446.792304] pci_bus fc1f:00: root bus resource [mem 0xbffe1c000-0xbffe1efff window]
Oct 18 00:40:40 SECONDHOST kernel: [  446.792798] pci_bus fc1f:00: No busn resource found for root bus, will use [bus 00-ff]
Oct 18 00:40:40 SECONDHOST kernel: [  446.793570] pci fc1f:00:00.0: [1af4:1049] type 00 class 0x010000
Oct 18 00:40:40 SECONDHOST kernel: [  446.794422] pci fc1f:00:00.0: reg 0x10: [mem 0xbffe1c000-0xbffe1cfff 64bit]
Oct 18 00:40:40 SECONDHOST kernel: [  446.795149] pci fc1f:00:00.0: reg 0x18: [mem 0xbffe1d000-0xbffe1dfff 64bit]
Oct 18 00:40:40 SECONDHOST kernel: [  446.795897] pci fc1f:00:00.0: reg 0x20: [mem 0xbffe1e000-0xbffe1efff 64bit]
Oct 18 00:40:40 SECONDHOST kernel: [  446.798188] pci_bus fc1f:00: busn_res: [bus 00-ff] end is updated to 00
Oct 18 00:40:40 SECONDHOST kernel: [  446.798530] pci fc1f:00:00.0: BAR 0: assigned [mem 0xbffe1c000-0xbffe1cfff 64bit]
Oct 18 00:40:40 SECONDHOST kernel: [  446.799023] pci fc1f:00:00.0: BAR 2: assigned [mem 0xbffe1d000-0xbffe1dfff 64bit]
Oct 18 00:40:40 SECONDHOST kernel: [  446.799608] pci fc1f:00:00.0: BAR 4: assigned [mem 0xbffe1e000-0xbffe1efff 64bit]
Oct 18 00:40:41 SECONDHOST rsyslogd: rsyslogd's groupid changed to 111
Oct 18 00:40:41 SECONDHOST rsyslogd: rsyslogd's userid changed to 104
Oct 18 00:40:41 SECONDHOST rsyslogd: [origin software="rsyslogd" swVersion="8.2208.0" x-pid="11610" x-info="https://www.rsyslog.com"] start
Oct 18 22:01:03 SECONDHOST kernel: [95174.140240] EXT4-fs (sdc): mounted filesystem with ordered data mode. Opts: discard,errors=remount-ro,data=ordered. Quota mode: none.
Oct 18 22:01:03 SECONDHOST kernel: [95174.538870] misc dxg: dxgk: dxgkio_query_adapter_info: Ioctl failed: -22
Oct 18 22:01:03 SECONDHOST kernel: [95174.540592] misc dxg: dxgk: dxgkio_query_adapter_info: Ioctl failed: -22
Oct 18 22:01:03 SECONDHOST kernel: [95174.540961] misc dxg: dxgk: dxgkio_query_adapter_info: Ioctl failed: -22
Oct 18 22:01:03 SECONDHOST kernel: [95174.541701] misc dxg: dxgk: dxgkio_query_adapter_info: Ioctl failed: -2
Oct 18 22:01:03 SECONDHOST kernel: [95174.542524] misc dxg: dxgk: dxgkio_query_adapter_info: Ioctl failed: -22
Oct 18 22:01:03 SECONDHOST kernel: [95174.542800] misc dxg: dxgk: dxgkio_query_adapter_info: Ioctl failed: -22
Oct 18 22:01:03 SECONDHOST kernel: [95174.543056] misc dxg: dxgk: dxgkio_query_adapter_info: Ioctl failed: -22
Oct 18 22:01:03 SECONDHOST kernel: [95174.543425] misc dxg: dxgk: dxgkio_query_adapter_info: Ioctl failed: -2
Oct 18 22:01:03 SECONDHOST kernel: [95174.644005] misc dxg: dxgk: dxgkio_query_adapter_info: Ioctl failed: -2
Oct 18 22:01:03 SECONDHOST kernel: [95174.779704] misc dxg: dxgk: dxgkio_query_adapter_info: Ioctl failed: -2
Oct 18 22:01:03 SECONDHOST kernel: [95174.780609] misc dxg: dxgk: dxgkio_query_adapter_info: Ioctl failed: -2
Oct 18 22:01:03 SECONDHOST kernel: [95174.781140] misc dxg: dxgk: dxgkio_query_adapter_info: Ioctl failed: -2
Oct 18 22:01:03 SECONDHOST kernel: [95174.781631] misc dxg: dxgk: dxgkio_query_adapter_info: Ioctl failed: -2
Oct 18 22:01:03 SECONDHOST kernel: [95174.781973] misc dxg: dxgk: dxgkio_query_adapter_info: Ioctl failed: -2
Oct 18 22:01:03 SECONDHOST kernel: [95174.782329] misc dxg: dxgk: dxgkio_query_adapter_info: Ioctl failed: -2
Oct 18 22:01:03 SECONDHOST kernel: [95174.782709] misc dxg: dxgk: dxgkio_query_adapter_info: Ioctl failed: -2
Oct 18 22:01:03 SECONDHOST kernel: [95174.783102] misc dxg: dxgk: dxgkio_query_adapter_info: Ioctl failed: -2
Oct 18 22:01:03 SECONDHOST kernel: [95174.783525] misc dxg: dxgk: dxgkio_query_adapter_info: Ioctl failed: -2
Oct 18 22:01:03 SECONDHOST kernel: [95174.783850] misc dxg: dxgk: dxgkio_query_adapter_info: Ioctl failed: -2
Oct 18 22:01:03 SECONDHOST kernel: [95174.895653] misc dxg: dxgk: dxgkio_query_adapter_info: Ioctl failed: -2
Oct 18 00:40:40 LAPTOP-5MFKVMMH kernel: [    0.397440] 8021q: 802.1Q VLAN Support v1.8
Oct 18 00:40:40 LAPTOP-5MFKVMMH kernel: [    0.397556] sctp: Hash tables configured (bind 256/256)
Oct 18 00:40:40 LAPTOP-5MFKVMMH kernel: [    0.397726] 9pnet: Installing 9P2000 support
Oct 18 00:40:40 LAPTOP-5MFKVMMH kernel: [    0.410699] Key type dns_resolver registered
Oct 18 00:40:40 LAPTOP-5MFKVMMH kernel: [    0.410984] Key type ceph registered
Oct 18 00:40:40 LAPTOP-5MFKVMMH kernel: [    0.411211] libceph: loaded (mon/osd proto 15/24)
Oct 18 00:40:40 LAPTOP-5MFKVMMH kernel: [    0.411463] NET: Registered PF_VSOCK protocol family
Oct 18 00:40:40 LAPTOP-5MFKVMMH kernel: [    0.411601] hv_vmbus: registering driver hv_sock
Oct 18 00:40:40 LAPTOP-5MFKVMMH kernel: [    0.411776] IPI shorthand broadcast: enabled
Oct 18 00:40:40 LAPTOP-5MFKVMMH kernel: [    0.411920] sched_clock: Marking stable (409019994, 2432100)->(435483600, -24031506)
Oct 18 00:40:40 LAPTOP-5MFKVMMH kernel: [    0.412636] registered taskstats version 1
Oct 18 00:40:40 LAPTOP-5MFKVMMH kernel: [    0.413360] Loading compiled-in X.509 certificates
Oct 18 00:40:40 LAPTOP-5MFKVMMH kernel: [    0.414527] Btrfs loaded, crc32c=crc32c-generic, zoned=no, fsverity=no
Oct 18 00:40:40 LAPTOP-5MFKVMMH kernel: [    0.417061] Freeing unused kernel image (initmem) memory: 2024K
Oct 18 00:40:40 LAPTOP-5MFKVMMH kernel: [    0.496022] Write protecting the kernel read-only data: 30720k
Oct 18 00:40:40 LAPTOP-5MFKVMMH kernel: [    0.497732] Freeing unused kernel image (text/rodata gap) memory: 2024K
Oct 18 00:40:40 LAPTOP-5MFKVMMH kernel: [    0.498765] Freeing unused kernel image (rodata/data gap) memory: 484K
Oct 18 00:40:40 LAPTOP-5MFKVMMH kernel: [    0.498980] Run /init as init process
Oct 18 00:40:40 LAPTOP-5MFKVMMH kernel: [    0.499076]   with arguments:
Oct 18 00:40:40 LAPTOP-5MFKVMMH kernel: [    0.499179]     /init
Oct 18 00:40:40 LAPTOP-5MFKVMMH kernel: [    0.499244]   with environment:
Oct 18 00:40:40 LAPTOP-5MFKVMMH kernel: [    0.499342]     HOME=/
Oct 18 00:40:40 LAPTOP-5MFKVMMH kernel: [    0.499406]     TERM=linux
Oct 18 00:40:40 LAPTOP-5MFKVMMH kernel: [    0.499470]     WSL_ROOT_INIT=1
Oct 18 00:40:40 LAPTOP-5MFKVMMH kernel: [    0.561617] scsi 0:0:0:0: Direct-Access     Msft     Virtual Disk     1.0  PQ: 0 ANSI: 5
Oct 18 00:40:40 LAPTOP-5MFKVMMH kernel: [    0.563424] sd 0:0:0:0: Attached scsi generic sg0 type 0
Oct 18 00:40:40 LAPTOP-5MFKVMMH kernel: [    0.563816] sd 0:0:0:0: [sda] 748624 512-byte logical blocks: (383 MB/366 MiB)
Oct 18 00:40:40 LAPTOP-5MFKVMMH kernel: [    0.564099] sd 0:0:0:0: [sda] Write Protect is on
Oct 18 00:40:40 LAPTOP-5MFKVMMH kernel: [    0.564331] sd 0:0:0:0: [sda] Mode Sense: 0f 00 80 00
Oct 18 00:40:40 LAPTOP-5MFKVMMH kernel: [    0.564694] sd 0:0:0:0: [sda] Write cache: disabled, read cache: enabled, doesn't support DPO or FUA
Oct 18 00:40:40 LAPTOP-5MFKVMMH kernel: [    0.996729] EXT4-fs (sda): mounted filesystem without journal. Opts: (null). Quota mode: none.
Oct 18 00:40:40 LAPTOP-5MFKVMMH kernel: [    1.096280] sd 0:0:0:0: [sda] Attached SCSI disk
Oct 18 00:40:40 LAPTOP-5MFKVMMH kernel: [    1.235953] hv_pci 083fcb6f-7487-4736-b150-92d40adcfe35: PCI VMBus probing: Using version 0x10004
Oct 18 00:40:40 LAPTOP-5MFKVMMH kernel: [    1.237492] hv_pci 083fcb6f-7487-4736-b150-92d40adcfe35: PCI host bridge to bus 7487:00
Oct 18 00:40:40 LAPTOP-5MFKVMMH kernel: [    1.237790] pci_bus 7487:00: root bus resource [mem 0xc00000000-0xe00001fff window]
Oct 18 00:40:40 LAPTOP-5MFKVMMH kernel: [    1.238081] pci_bus 7487:00: No busn resource found for root bus, will use [bus 00-ff]
Oct 18 00:40:40 LAPTOP-5MFKVMMH kernel: [    1.238851] pci 7487:00:00.0: [1af4:105a] type 00 class 0x088000
Oct 18 00:40:40 LAPTOP-5MFKVMMH kernel: [    1.240426] pci 7487:00:00.0: reg 0x10: [mem 0xe00000000-0xe00000fff 64bit]
Oct 18 00:40:40 LAPTOP-5MFKVMMH kernel: [    1.241879] pci 7487:00:00.0: reg 0x18: [mem 0xe00001000-0xe00001fff 64bit]
Oct 18 00:40:40 LAPTOP-5MFKVMMH kernel: [    1.243415] pci 7487:00:00.0: reg 0x20: [mem 0xc00000000-0xdffffffff 64bit]
Oct 18 00:40:40 LAPTOP-5MFKVMMH kernel: [    1.246570] pci_bus 7487:00: busn_res: [bus 00-ff] end is updated to 00
Oct 18 00:40:40 LAPTOP-5MFKVMMH kernel: [    1.246825] pci 7487:00:00.0: BAR 4: assigned [mem 0xc00000000-0xdffffffff 64bit]
Oct 18 00:40:40 LAPTOP-5MFKVMMH kernel: [    1.248214] pci 7487:00:00.0: BAR 0: assigned [mem 0xe00000000-0xe00000fff 64bit]
Oct 18 00:40:40 LAPTOP-5MFKVMMH kernel: [    1.249625] pci 7487:00:00.0: BAR 2: assigned [mem 0xe00001000-0xe00001fff 64bit]
Oct 18 00:40:40 LAPTOP-5MFKVMMH kernel: [    1.259013] virtiofs virtio2: Cache len: 0x200000000 @ 0xc00000000
Oct 18 00:40:40 LAPTOP-5MFKVMMH kernel: [    1.313953] memmap_init_zone_device initialised 2097152 pages in 20ms
Oct 18 00:40:40 LAPTOP-5MFKVMMH kernel: [    1.322291] FS-Cache: Duplicate cookie detected
Oct 18 00:40:40 LAPTOP-5MFKVMMH kernel: [    1.322611] FS-Cache: O-cookie c=00000004 [p=00000002 fl=222 nc=0 na=1]
Oct 18 00:40:40 LAPTOP-5MFKVMMH kernel: [    1.322835] FS-Cache: O-cookie d=000000006832c2c1{9P.session} n=00000000d1b962b0
Oct 18 00:40:40 LAPTOP-5MFKVMMH kernel: [    1.323036] FS-Cache: O-key=[10] '34323934393337343230'
Oct 18 00:40:40 LAPTOP-5MFKVMMH kernel: [    1.323200] FS-Cache: N-cookie c=00000005 [p=00000002 fl=2 nc=0 na=1]
Oct 18 00:40:40 LAPTOP-5MFKVMMH kernel: [    1.323374] FS-Cache: N-cookie d=000000006832c2c1{9P.session} n=00000000e1bc13ca
Oct 18 00:40:40 LAPTOP-5MFKVMMH kernel: [    1.323577] FS-Cache: N-key=[10] '34323934393337343230'
Oct 18 00:40:40 LAPTOP-5MFKVMMH kernel: [    1.325029] FS-Cache: Duplicate cookie detected
Oct 18 00:40:40 LAPTOP-5MFKVMMH kernel: [    1.325270] FS-Cache: O-cookie c=00000004 [p=00000002 fl=222 nc=0 na=1]
Oct 18 00:40:40 LAPTOP-5MFKVMMH kernel: [    1.325448] FS-Cache: O-cookie d=000000006832c2c1{9P.session} n=00000000d1b962b0
Oct 18 00:40:40 LAPTOP-5MFKVMMH kernel: [    1.325890] FS-Cache: O-key=[10] '34323934393337343230'
Oct 18 00:40:40 LAPTOP-5MFKVMMH kernel: [    1.326059] FS-Cache: N-cookie c=00000006 [p=00000002 fl=2 nc=0 na=1]
Oct 18 00:40:40 LAPTOP-5MFKVMMH kernel: [    1.326237] FS-Cache: N-cookie d=000000006832c2c1{9P.session} n=00000000191a318a
Oct 18 00:40:40 LAPTOP-5MFKVMMH kernel: [    1.326464] FS-Cache: N-key=[10] '34323934393337343230'
Oct 18 00:40:40 LAPTOP-5MFKVMMH kernel: [    1.355788] clocksource: tsc: mask: 0xffffffffffffffff max_cycles: 0x23fa781fa7b, max_idle_ns: 440795226023 ns
Oct 18 00:40:40 LAPTOP-5MFKVMMH kernel: [    1.356670] clocksource: Switched to clocksource tsc
Oct 18 00:40:40 LAPTOP-5MFKVMMH kernel: [    1.385798] IPv6: ADDRCONF(NETDEV_CHANGE): eth0: link becomes ready
Oct 18 00:40:40 LAPTOP-5MFKVMMH kernel: [    2.676274] scsi 0:0:0:1: Direct-Access     Msft     Virtual Disk     1.0  PQ: 0 ANSI: 5
Oct 18 00:40:40 LAPTOP-5MFKVMMH kernel: [    2.678807] sd 0:0:0:1: Attached scsi generic sg1 type 0
Oct 18 00:40:40 LAPTOP-5MFKVMMH kernel: [    2.679698] sd 0:0:0:1: [sdb] 8388616 512-byte logical blocks: (4.29 GB/4.00 GiB)
Oct 18 00:40:40 LAPTOP-5MFKVMMH kernel: [    2.679761] scsi 0:0:0:2: Direct-Access     Msft     Virtual Disk     1.0  PQ: 0 ANSI: 5
Oct 18 00:40:40 LAPTOP-5MFKVMMH kernel: [    2.680125] sd 0:0:0:1: [sdb] 4096-byte physical blocks
Oct 18 00:40:40 LAPTOP-5MFKVMMH kernel: [    2.680666] sd 0:0:0:2: Attached scsi generic sg2 type 0
Oct 18 00:40:40 LAPTOP-5MFKVMMH kernel: [    2.680679] sd 0:0:0:1: [sdb] Write Protect is off
Oct 18 00:40:40 LAPTOP-5MFKVMMH kernel: [    2.681009] sd 0:0:0:1: [sdb] Mode Sense: 0f 00 00 00
Oct 18 00:40:40 LAPTOP-5MFKVMMH kernel: [    2.681112] sd 0:0:0:2: [sdc] 536870912 512-byte logical blocks: (275 GB/256 GiB)
Oct 18 00:40:40 LAPTOP-5MFKVMMH kernel: [    2.681309] sd 0:0:0:1: [sdb] Write cache: enabled, read cache: enabled, doesn't support DPO or FUA
Oct 18 00:40:40 LAPTOP-5MFKVMMH kernel: [    2.681456] sd 0:0:0:2: [sdc] 4096-byte physical blocks
Oct 18 00:40:40 LAPTOP-5MFKVMMH kernel: [    2.681890] sd 0:0:0:2: [sdc] Write Protect is off
Oct 18 00:40:40 LAPTOP-5MFKVMMH kernel: [    2.682133] sd 0:0:0:2: [sdc] Mode Sense: 0f 00 00 00
Oct 18 00:40:40 LAPTOP-5MFKVMMH kernel: [    2.682391] sd 0:0:0:2: [sdc] Write cache: enabled, read cache: enabled, doesn't support DPO or FUA
Oct 18 00:40:40 LAPTOP-5MFKVMMH kernel: [    2.683263] sd 0:0:0:1: [sdb] Attached SCSI disk
Oct 18 00:40:40 LAPTOP-5MFKVMMH kernel: [    2.684206] sd 0:0:0:2: [sdc] Attached SCSI disk
Oct 18 00:40:40 LAPTOP-5MFKVMMH kernel: [    2.703897] EXT4-fs (sdc): recovery complete
Oct 18 00:40:40 LAPTOP-5MFKVMMH kernel: [    2.706864] EXT4-fs (sdc): mounted filesystem with ordered data mode. Opts: discard,errors=remount-ro,data=ordered. Quota mode: none.
Oct 18 00:40:40 LAPTOP-5MFKVMMH kernel: [    2.724901] Adding 4194304k swap on /dev/sdb.  Priority:-2 extents:1 across:4194304k
Oct 18 00:40:40 LAPTOP-5MFKVMMH kernel: [    3.007765] hv_pci 353f1277-ef70-45e9-8519-a4516cae4df4: PCI VMBus probing: Using version 0x10004
Oct 18 00:40:40 LAPTOP-5MFKVMMH kernel: [    3.009187] hv_pci 353f1277-ef70-45e9-8519-a4516cae4df4: PCI host bridge to bus ef70:00
Oct 18 00:40:40 LAPTOP-5MFKVMMH kernel: [    3.009545] pci_bus ef70:00: root bus resource [mem 0x9ffe08000-0x9ffe0afff window]
Oct 18 00:40:40 LAPTOP-5MFKVMMH kernel: [    3.010171] pci_bus ef70:00: No busn resource found for root bus, will use [bus 00-ff]
Oct 18 00:40:40 LAPTOP-5MFKVMMH kernel: [    3.011384] pci ef70:00:00.0: [1af4:1049] type 00 class 0x010000
Oct 18 00:40:40 LAPTOP-5MFKVMMH kernel: [    3.012182] pci ef70:00:00.0: reg 0x10: [mem 0x9ffe08000-0x9ffe08fff 64bit]
Oct 18 00:40:40 LAPTOP-5MFKVMMH kernel: [    3.012966] pci ef70:00:00.0: reg 0x18: [mem 0x9ffe09000-0x9ffe09fff 64bit]
Oct 18 00:40:40 LAPTOP-5MFKVMMH kernel: [    3.013521] pci ef70:00:00.0: reg 0x20: [mem 0x9ffe0a000-0x9ffe0afff 64bit]
Oct 18 00:40:40 LAPTOP-5MFKVMMH kernel: [    3.015684] pci_bus ef70:00: busn_res: [bus 00-ff] end is updated to 00
Oct 18 00:40:40 LAPTOP-5MFKVMMH kernel: [    3.015940] pci ef70:00:00.0: BAR 0: assigned [mem 0x9ffe08000-0x9ffe08fff 64bit]
Oct 18 00:40:40 LAPTOP-5MFKVMMH kernel: [    3.016417] pci ef70:00:00.0: BAR 2: assigned [mem 0x9ffe09000-0x9ffe09fff 64bit]
Oct 18 00:40:40 LAPTOP-5MFKVMMH kernel: [    3.016915] pci ef70:00:00.0: BAR 4: assigned [mem 0x9ffe0a000-0x9ffe0afff 64bit]
Oct 18 00:40:40 LAPTOP-5MFKVMMH kernel: [    3.053145] hv_pci 265556bd-99d9-4e5c-83b3-9930aea48511: PCI VMBus probing: Using version 0x10004
Oct 18 00:40:40 LAPTOP-5MFKVMMH kernel: [    3.054199] hv_pci 265556bd-99d9-4e5c-83b3-9930aea48511: PCI host bridge to bus 99d9:00
Oct 18 00:40:40 LAPTOP-5MFKVMMH kernel: [    3.054499] pci_bus 99d9:00: root bus resource [mem 0x9ffe0c000-0x9ffe0efff window]
Oct 18 00:40:40 LAPTOP-5MFKVMMH kernel: [    3.054742] pci_bus 99d9:00: No busn resource found for root bus, will use [bus 00-ff]
Oct 18 00:40:40 LAPTOP-5MFKVMMH kernel: [    3.055574] pci 99d9:00:00.0: [1af4:1049] type 00 class 0x010000
Oct 18 00:40:40 LAPTOP-5MFKVMMH kernel: [    3.056529] pci 99d9:00:00.0: reg 0x10: [mem 0x9ffe0c000-0x9ffe0cfff 64bit]
Oct 18 00:40:40 LAPTOP-5MFKVMMH kernel: [    3.057419] pci 99d9:00:00.0: reg 0x18: [mem 0x9ffe0d000-0x9ffe0dfff 64bit]
Oct 18 00:40:40 LAPTOP-5MFKVMMH kernel: [    3.058204] pci 99d9:00:00.0: reg 0x20: [mem 0x9ffe0e000-0x9ffe0efff 64bit]
Oct 18 00:40:40 LAPTOP-5MFKVMMH kernel: [    3.061234] pci_bus 99d9:00: busn_res: [bus 00-ff] end is updated to 00
Oct 18 00:40:40 LAPTOP-5MFKVMMH kernel: [    3.061595] pci 99d9:00:00.0: BAR 0: assigned [mem 0x9ffe0c000-0x9ffe0cfff 64bit]
Oct 18 00:40:40 LAPTOP-5MFKVMMH kernel: [    3.062183] pci 99d9:00:00.0: BAR 2: assigned [mem 0x9ffe0d000-0x9ffe0dfff 64bit]
Oct 18 00:40:40 LAPTOP-5MFKVMMH kernel: [    3.062719] pci 99d9:00:00.0: BAR 4: assigned [mem 0x9ffe0e000-0x9ffe0efff 64bit]
Oct 18 00:40:40 LAPTOP-5MFKVMMH kernel: [    3.212294] misc dxg: dxgk: dxgkio_query_adapter_info: Ioctl failed: -22
Oct 18 00:40:40 LAPTOP-5MFKVMMH kernel: [    3.212781] misc dxg: dxgk: dxgkio_query_adapter_info: Ioctl failed: -22
Oct 18 00:40:40 LAPTOP-5MFKVMMH kernel: [    3.213033] misc dxg: dxgk: dxgkio_query_adapter_info: Ioctl failed: -22
Oct 18 00:40:40 LAPTOP-5MFKVMMH kernel: [    3.213391] misc dxg: dxgk: dxgkio_query_adapter_info: Ioctl failed: -2
Oct 18 00:40:40 LAPTOP-5MFKVMMH kernel: [    3.214037] misc dxg: dxgk: dxgkio_query_adapter_info: Ioctl failed: -22
Oct 18 00:40:40 LAPTOP-5MFKVMMH kernel: [    3.214389] misc dxg: dxgk: dxgkio_query_adapter_info: Ioctl failed: -22
Oct 18 00:40:40 LAPTOP-5MFKVMMH kernel: [    3.214663] misc dxg: dxgk: dxgkio_query_adapter_info: Ioctl failed: -22
Oct 18 00:40:40 LAPTOP-5MFKVMMH kernel: [    3.214978] misc dxg: dxgk: dxgkio_query_adapter_info: Ioctl failed: -2
Oct 18 00:40:40 LAPTOP-5MFKVMMH kernel: [    4.491291] misc dxg: dxgk: dxgkio_query_adapter_info: Ioctl failed: -2
Oct 18 00:40:40 LAPTOP-5MFKVMMH kernel: [    4.710652] misc dxg: dxgk: dxgkio_query_adapter_info: Ioctl failed: -2
Oct 18 00:40:40 LAPTOP-5MFKVMMH kernel: [    4.711239] misc dxg: dxgk: dxgkio_query_adapter_info: Ioctl failed: -2
Oct 18 00:40:40 LAPTOP-5MFKVMMH kernel: [    4.711633] misc dxg: dxgk: dxgkio_query_adapter_info: Ioctl failed: -2
Oct 18 00:40:40 LAPTOP-5MFKVMMH kernel: [    4.712072] misc dxg: dxgk: dxgkio_query_adapter_info: Ioctl failed: -2
Oct 18 00:40:40 LAPTOP-5MFKVMMH kernel: [    4.712532] misc dxg: dxgk: dxgkio_query_adapter_info: Ioctl failed: -2
Oct 18 00:40:40 LAPTOP-5MFKVMMH kernel: [    4.712866] misc dxg: dxgk: dxgkio_query_adapter_info: Ioctl failed: -2
Oct 18 00:40:40 LAPTOP-5MFKVMMH kernel: [    4.713267] misc dxg: dxgk: dxgkio_query_adapter_info: Ioctl failed: -2
Oct 18 00:40:40 LAPTOP-5MFKVMMH kernel: [    4.713895] misc dxg: dxgk: dxgkio_query_adapter_info: Ioctl failed: -2
Oct 18 00:40:40 LAPTOP-5MFKVMMH kernel: [    4.714503] misc dxg: dxgk: dxgkio_query_adapter_info: Ioctl failed: -2
Oct 18 00:40:40 LAPTOP-5MFKVMMH kernel: [    4.714871] misc dxg: dxgk: dxgkio_query_adapter_info: Ioctl failed: -2
Oct 18 00:40:40 LAPTOP-5MFKVMMH kernel: [    5.066027] misc dxg: dxgk: dxgkio_query_adapter_info: Ioctl failed: -2
Oct 18 00:40:40 LAPTOP-5MFKVMMH kernel: [   49.239495] hv_balloon: Max. dynamic memory size: 16228 MB
Oct 18 00:40:40 LAPTOP-5MFKVMMH kernel: [  160.955520] scsi 0:0:0:3: Direct-Access     Msft     Virtual Disk     1.0  PQ: 0 ANSI: 5
Oct 18 00:40:40 LAPTOP-5MFKVMMH kernel: [  160.956417] sd 0:0:0:3: Attached scsi generic sg3 type 0
Oct 18 00:40:40 LAPTOP-5MFKVMMH kernel: [  160.956878] sd 0:0:0:3: [sdd] 2147483648 512-byte logical blocks: (1.10 TB/1.00 TiB)
Oct 18 00:40:40 LAPTOP-5MFKVMMH kernel: [  160.957164] sd 0:0:0:3: [sdd] 4096-byte physical blocks
Oct 18 00:40:40 LAPTOP-5MFKVMMH kernel: [  160.957396] sd 0:0:0:3: [sdd] Write Protect is off
Oct 18 00:40:40 LAPTOP-5MFKVMMH kernel: [  160.957570] sd 0:0:0:3: [sdd] Mode Sense: 0f 00 00 00
Oct 18 00:40:40 LAPTOP-5MFKVMMH kernel: [  160.957851] sd 0:0:0:3: [sdd] Write cache: enabled, read cache: enabled, doesn't support DPO or FUA
Oct 18 00:40:40 LAPTOP-5MFKVMMH kernel: [  160.959778] sd 0:0:0:3: [sdd] Attached SCSI disk
Oct 18 00:40:40 LAPTOP-5MFKVMMH kernel: [  161.135190] EXT4-fs (sdd): mounted filesystem with ordered data mode. Opts: discard,errors=remount-ro,data=ordered. Quota mode: none.
Oct 18 00:40:40 LAPTOP-5MFKVMMH kernel: [  167.731934] EXT4-fs (sdd): mounted filesystem with ordered data mode. Opts: discard,errors=remount-ro,data=ordered. Quota mode: none.
Oct 18 00:40:40 LAPTOP-5MFKVMMH kernel: [  167.759166] hv_pci 937f4dac-5f99-4ac2-8347-2da7140a0ac2: PCI VMBus probing: Using version 0x10004
Oct 18 00:40:40 LAPTOP-5MFKVMMH kernel: [  167.793639] hv_pci 937f4dac-5f99-4ac2-8347-2da7140a0ac2: PCI host bridge to bus 5f99:00
Oct 18 00:40:40 LAPTOP-5MFKVMMH kernel: [  167.794146] pci_bus 5f99:00: root bus resource [mem 0xbffe10000-0xbffe12fff window]
Oct 18 00:40:40 LAPTOP-5MFKVMMH kernel: [  167.794460] pci_bus 5f99:00: No busn resource found for root bus, will use [bus 00-ff]
Oct 18 00:40:40 LAPTOP-5MFKVMMH kernel: [  167.795521] pci 5f99:00:00.0: [1af4:1049] type 00 class 0x010000
Oct 18 00:40:40 LAPTOP-5MFKVMMH kernel: [  167.796551] pci 5f99:00:00.0: reg 0x10: [mem 0xbffe10000-0xbffe10fff 64bit]
Oct 18 00:40:40 LAPTOP-5MFKVMMH kernel: [  167.797199] pci 5f99:00:00.0: reg 0x18: [mem 0xbffe11000-0xbffe11fff 64bit]
Oct 18 00:40:40 LAPTOP-5MFKVMMH kernel: [  167.797847] pci 5f99:00:00.0: reg 0x20: [mem 0xbffe12000-0xbffe12fff 64bit]
Oct 18 00:40:40 LAPTOP-5MFKVMMH kernel: [  167.800192] pci_bus 5f99:00: busn_res: [bus 00-ff] end is updated to 00
Oct 18 00:40:40 LAPTOP-5MFKVMMH kernel: [  167.800464] pci 5f99:00:00.0: BAR 0: assigned [mem 0xbffe10000-0xbffe10fff 64bit]
Oct 18 00:40:40 LAPTOP-5MFKVMMH kernel: [  167.801266] pci 5f99:00:00.0: BAR 2: assigned [mem 0xbffe11000-0xbffe11fff 64bit]
Oct 18 00:40:40 LAPTOP-5MFKVMMH kernel: [  167.801832] pci 5f99:00:00.0: BAR 4: assigned [mem 0xbffe12000-0xbffe12fff 64bit]
Oct 18 00:40:40 LAPTOP-5MFKVMMH kernel: [  167.905057] misc dxg: dxgk: dxgkio_query_adapter_info: Ioctl failed: -22
Oct 18 00:40:40 LAPTOP-5MFKVMMH kernel: [  167.906036] misc dxg: dxgk: dxgkio_query_adapter_info: Ioctl failed: -22
Oct 18 00:40:40 LAPTOP-5MFKVMMH kernel: [  167.906674] misc dxg: dxgk: dxgkio_query_adapter_info: Ioctl failed: -22
Oct 18 00:40:40 LAPTOP-5MFKVMMH kernel: [  167.907355] misc dxg: dxgk: dxgkio_query_adapter_info: Ioctl failed: -2
Oct 18 00:40:40 LAPTOP-5MFKVMMH kernel: [  167.908287] misc dxg: dxgk: dxgkio_query_adapter_info: Ioctl failed: -22
Oct 18 00:40:40 LAPTOP-5MFKVMMH kernel: [  167.908721] misc dxg: dxgk: dxgkio_query_adapter_info: Ioctl failed: -22
Oct 18 00:40:40 LAPTOP-5MFKVMMH kernel: [  167.909035] misc dxg: dxgk: dxgkio_query_adapter_info: Ioctl failed: -22
Oct 18 00:40:40 LAPTOP-5MFKVMMH kernel: [  167.909401] misc dxg: dxgk: dxgkio_query_adapter_info: Ioctl failed: -2
Oct 18 00:40:40 LAPTOP-5MFKVMMH kernel: [  167.918108] misc dxg: dxgk: dxgkio_query_adapter_info: Ioctl failed: -2
Oct 18 00:40:40 LAPTOP-5MFKVMMH kernel: [  167.988980] misc dxg: dxgk: dxgkio_query_adapter_info: Ioctl failed: -2
Oct 18 00:40:40 LAPTOP-5MFKVMMH kernel: [  167.989445] misc dxg: dxgk: dxgkio_query_adapter_info: Ioctl failed: -2
Oct 18 00:40:40 LAPTOP-5MFKVMMH kernel: [  167.989807] misc dxg: dxgk: dxgkio_query_adapter_info: Ioctl failed: -2
Oct 18 00:40:40 LAPTOP-5MFKVMMH kernel: [  167.990090] misc dxg: dxgk: dxgkio_query_adapter_info: Ioctl failed: -2
Oct 18 00:40:40 LAPTOP-5MFKVMMH kernel: [  167.990432] misc dxg: dxgk: dxgkio_query_adapter_info: Ioctl failed: -2
Oct 18 00:40:40 LAPTOP-5MFKVMMH kernel: [  167.990784] misc dxg: dxgk: dxgkio_query_adapter_info: Ioctl failed: -2
Oct 18 00:40:40 LAPTOP-5MFKVMMH kernel: [  167.991108] misc dxg: dxgk: dxgkio_query_adapter_info: Ioctl failed: -2
Oct 18 00:40:40 LAPTOP-5MFKVMMH kernel: [  167.991149] hv_pci 771d58b5-7591-4b9c-b9ac-922842f9bfba: PCI VMBus probing: Using version 0x10004
Oct 18 00:40:40 LAPTOP-5MFKVMMH kernel: [  167.991672] misc dxg: dxgk: dxgkio_query_adapter_info: Ioctl failed: -2
Oct 18 00:40:40 LAPTOP-5MFKVMMH kernel: [  167.992032] misc dxg: dxgk: dxgkio_query_adapter_info: Ioctl failed: -2
Oct 18 00:40:40 LAPTOP-5MFKVMMH kernel: [  167.992368] misc dxg: dxgk: dxgkio_query_adapter_info: Ioctl failed: -2
Oct 18 00:40:40 LAPTOP-5MFKVMMH kernel: [  168.017803] misc dxg: dxgk: dxgkio_query_adapter_info: Ioctl failed: -2
Oct 18 00:40:40 LAPTOP-5MFKVMMH kernel: [  168.027203] hv_pci 771d58b5-7591-4b9c-b9ac-922842f9bfba: PCI host bridge to bus 7591:00
